Microchip MPLAB XC8 Compiler V1.45 ()

Linker command line:

-W-3 --edf=E:\microchip\xc8\v1.45\dat\en_msgs.txt -cs \
  -h+dist/default/production\16F18346_Link_IC.X.production.sym \
  --cmf=dist/default/production\16F18346_Link_IC.X.production.cmf -z \
  -Q16F18346 -oE:\temp\s4pcs.2 \
  -Mdist/default/production/16F18346_Link_IC.X.production.map -E1 -ver=XC8 \
  -ASTACK=020B2h-024efh -pstack=STACK -ACODE=00h-07FFhx8 \
  -ASTRCODE=00h-03FFFh -ASTRING=00h-0FFhx64 -ACONST=00h-0FFhx64 \
  -AENTRY=00h-0FFhx64 -ACOMMON=070h-07Fh -ABANK0=020h-06Fh \
  -ABANK1=0A0h-0EFh -ABANK2=0120h-016Fh -ABANK3=01A0h-01EFh \
  -ABANK4=0220h-026Fh -ABANK5=02A0h-02EFh -ABANK6=0320h-036Fh \
  -ABANK7=03A0h-03EFh -ABANK8=0420h-046Fh -ABANK9=04A0h-04EFh \
  -ABANK10=0520h-056Fh -ABANK11=05A0h-05EFh -ABANK12=0620h-066Fh \
  -ABANK13=06A0h-06EFh -ABANK14=0720h-076Fh -ABANK15=07A0h-07EFh \
  -ABANK16=0820h-086Fh -ABANK17=08A0h-08EFh -ABANK18=0920h-096Fh \
  -ABANK19=09A0h-09EFh -ABANK20=0A20h-0A6Fh -ABANK21=0AA0h-0AEFh \
  -ABANK22=0B20h-0B6Fh -ABANK23=0BA0h-0BEFh -ABANK24=0C20h-0C6Fh \
  -ABANK25=0CA0h-0CBFh -ABIGRAM=02000h-027EFh \
  -ARAM=020h-06Fh,0A0h-0EFh,0120h-016Fh,01A0h-01EFh,0220h-026Fh,02A0h-02EFh,0320h-036Fh,03A0h-03EFh,0420h-046Fh,04A0h-04EFh,0520h-056Fh,05A0h-05EFh,0620h-066Fh,06A0h-06EFh,0720h-076Fh,07A0h-07EFh,0820h-086Fh,08A0h-08EFh,0920h-096Fh,09A0h-09EFh,0A20h-0A6Fh,0AA0h-0AEFh,0B20h-0B6Fh,0BA0h-0BEFh,0C20h-0C6Fh,0CA0h-0CBFh \
  -AABS1=020h-07Fh,0A0h-0EFh,0120h-016Fh,01A0h-01EFh,0220h-026Fh,02A0h-02EFh,0320h-036Fh,03A0h-03EFh,0420h-046Fh,04A0h-04EFh,0520h-056Fh,05A0h-05EFh,0620h-066Fh,06A0h-06EFh,0720h-076Fh,07A0h-07EFh,0820h-086Fh,08A0h-08EFh,0920h-096Fh,09A0h-09EFh,0A20h-0A6Fh,0AA0h-0AEFh,0B20h-0B6Fh,0BA0h-0BEFh,0C20h-0C6Fh,0CA0h-0CBFh \
  -ASFR0=00h-01Fh -ASFR1=080h-09Fh -ASFR2=0100h-011Fh -ASFR3=0180h-019Fh \
  -ASFR4=0200h-021Fh -ASFR5=0280h-029Fh -ASFR6=0300h-031Fh \
  -ASFR7=0380h-039Fh -ASFR8=0400h-041Fh -ASFR9=0480h-049Fh \
  -ASFR10=0500h-051Fh -ASFR11=0580h-059Fh -ASFR12=0600h-061Fh \
  -ASFR13=0680h-069Fh -ASFR14=0700h-071Fh -ASFR15=0780h-079Fh \
  -ASFR16=0800h-081Fh -ASFR17=0880h-089Fh -ASFR18=0900h-091Fh \
  -ASFR19=0980h-099Fh -ASFR20=0A00h-0A1Fh -ASFR21=0A80h-0A9Fh \
  -ASFR22=0B00h-0B1Fh -ASFR23=0B80h-0B9Fh -ASFR24=0C00h-0C1Fh \
  -ASFR25=0C80h-0C9Fh -ASFR26=0D00h-0D6Fh -ASFR27=0D80h-0DEFh \
  -ASFR28=0E00h-0E6Fh -ASFR29=0E80h-0EEFh -ASFR30=0F00h-0F6Fh \
  -ASFR31=0F80h-0FEFh -preset_vec=00h,intentry=04h,init,end_init \
  -ppowerup=CODE -pcinit=CODE -pfunctab=ENTRY -ACONFIG=08007h-0800Ah \
  -pconfig=CONFIG -DCONFIG=2 -AIDLOC=08000h-08003h -pidloc=IDLOC -DIDLOC=2 \
  -AEEDATA=00h-0FFh/0F000h -peeprom_data=EEDATA -DEEDATA=2 -DCODE=2 \
  -DSTRCODE=2 -DSTRING=2 -DCONST=2 -DENTRY=2 -k E:\temp\s4pcs.obj \
  dist/default/production\16F18346_Link_IC.X.production.obj 

Object code version is 3.11

Machine type is 16F18346



                Name                               Link     Load   Length Selector   Space Scale
E:\temp\s4pcs.obj
                end_init                             63       63        2        8       0
                reset_vec                             0        0        2        0       0
                config                             8007     8007        4    1000E       0
dist/default/production\16F18346_Link_IC.X.production.obj
                cinit                                65       65       42        8       0
                intentry                              4        4       5F        8       0
                eeprom_data                           0     F000      100    1E000       3
                text30                              6A5      6A5        6      C32       0
                text29                              629      629        F      C32       0
                text28                              65F      65F        D      C32       0
                text27                              569      569       23        8       0
                text25                              652      652        D      C32       0
                text24                              517      517       2A        8       0
                text23                              541      541       28        8       0
                text22                              5EE      5EE       17      BDC       0
                text21                              2EF      2EF       6D        8       0
                text20                              282      282       6D        8       0
                text19                              35C      35C       45        8       0
                text18                              645      645        D      C32       0
                text17                              696      696        9      C32       0
                text16                              3A1      3A1       44        8       0
                text15                              68D      68D        9      C32       0
                text14                              638      638        D      C32       0
                text13                              423      423       37        8       0
                text12                              619      619       10      C32       0
                text11                              4EC      4EC       2B        8       0
                text10                              69F      69F        6      C32       0
                text9                               45A      45A       34        8       0
                swtext2                             605      605       14      C0A       0
                text8                                A7       A7       FB        8       0
                text7                               678      678        B      C32       0
                swtext1                             5CE      5CE       20      B9C       0
                text6                               1A2      1A2       E0        8       0
                text5                               3E5      3E5       3E        8       0
                text4                               48E      48E       30        8       0
                text3                               5AE      5AE       20        8       0
                text2                               58C      58C       22        8       0
                text1                               683      683        A      C32       0
                maintext                            4BE      4BE       2E        8       0
                cstackBANK0                          20       20       28       20       1
                cstackCOMMON                         71       71        7       70       1
                cstackBANK1                          E3       E3        A       A0       1
                clrtext                             66C      66C        C      C32       0
                bssBANK2                            120      120       12      120       1
                dataBANK1                            ED       ED        2       A0       1
                bssBANK1                             A0       A0       43       A0       1
                dataBANK0                            6C       6C        2       20       1
                bssBANK0                             48       48       24       20       1
                bssCOMMON                            79       79        1       70       1
                bitbssCOMMON                        380       70        8       70       1     8
                bitnvCOMMON                         3C0       78        1       70       1     8
                stringtext2                         6B1      6B1        2      D5E       0
                stringtext1                         6AF      6AF        2      D5E       0
                idataBANK1                          6AD      6AD        2      C32       0
                idataBANK0                          6AB      6AB        2      C32       0

TOTAL           Name                               Link     Load   Length     Space
        CLASS   STACK          

        CLASS   CODE           
                end_init                             63       63        2         0
                cinit                                65       65       42         0
                intentry                              4        4       5F         0
                reset_vec                             0        0        2         0
                text30                              6A5      6A5        6         0
                text29                              629      629        F         0
                text28                              65F      65F        D         0
                text27                              569      569       23         0
                text25                              652      652        D         0
                text24                              517      517       2A         0
                text23                              541      541       28         0
                text22                              5EE      5EE       17         0
                text21                              2EF      2EF       6D         0
                text20                              282      282       6D         0
                text19                              35C      35C       45         0
                text18                              645      645        D         0
                text17                              696      696        9         0
                text16                              3A1      3A1       44         0
                text15                              68D      68D        9         0
                text14                              638      638        D         0
                text13                              423      423       37         0
                text12                              619      619       10         0
                text11                              4EC      4EC       2B         0
                text10                              69F      69F        6         0
                text9                               45A      45A       34         0
                text8                                A7       A7       FB         0
                text7                               678      678        B         0
                text6                               1A2      1A2       E0         0
                text5                               3E5      3E5       3E         0
                text4                               48E      48E       30         0
                text3                               5AE      5AE       20         0
                text2                               58C      58C       22         0
                text1                               683      683        A         0
                maintext                            4BE      4BE       2E         0
                clrtext                             66C      66C        C         0
                idataBANK1                          6AD      6AD        2         0
                idataBANK0                          6AB      6AB        2         0

        CLASS   STRCODE        
                stringtext2                         6B1      6B1        2         0
                stringtext1                         6AF      6AF        2         0

        CLASS   STRING         

        CLASS   CONST          
                swtext2                             605      605       14         0
                swtext1                             5CE      5CE       20         0

        CLASS   ENTRY          

        CLASS   COMMON         
                cstackCOMMON                         71       71        7         1
                bssCOMMON                            79       79        1         1
                bitbssCOMMON                        380       70        8         1
                bitnvCOMMON                         3C0       78        1         1

        CLASS   BANK0          
                cstackBANK0                          20       20       28         1
                dataBANK0                            6C       6C        2         1
                bssBANK0                             48       48       24         1

        CLASS   BANK1          
                cstackBANK1                          E3       E3        A         1
                dataBANK1                            ED       ED        2         1
                bssBANK1                             A0       A0       43         1

        CLASS   BANK2          
                bssBANK2                            120      120       12         1

        CLASS   BANK3          

        CLASS   BANK4          

        CLASS   BANK5          

        CLASS   BANK6          

        CLASS   BANK7          

        CLASS   BANK8          

        CLASS   BANK9          

        CLASS   BANK10         

        CLASS   BANK11         

        CLASS   BANK12         

        CLASS   BANK13         

        CLASS   BANK14         

        CLASS   BANK15         

        CLASS   BANK16         

        CLASS   BANK17         

        CLASS   BANK18         

        CLASS   BANK19         

        CLASS   BANK20         

        CLASS   BANK21         

        CLASS   BANK22         

        CLASS   BANK23         

        CLASS   BANK24         

        CLASS   BANK25         

        CLASS   BIGRAM         

        CLASS   RAM            

        CLASS   ABS1           
                abs_s1                               7E       7E        2         1
                abs_s1                              7E0      7E0       10         1
                abs_s1                              820      820       50         1
                abs_s1                              8A0      8A0       50         1
                abs_s1                              920      920       50         1
                abs_s1                              9A0      9A0       50         1
                abs_s1                              A20      A20       50         1
                abs_s1                              AA0      AA0       50         1
                abs_s1                              B20      B20       50         1
                abs_s1                              BA0      BA0       50         1
                abs_s1                              C20      C20       50         1
                abs_s1                              CA0      CA0       20         1
                abs_s1                             24F0     24F0        0         1
                abs_s1                             25F0     25F0        0         1
                abs_s1                             26F0     26F0        0         1

        CLASS   SFR0           

        CLASS   SFR1           

        CLASS   SFR2           

        CLASS   SFR3           

        CLASS   SFR4           

        CLASS   SFR5           

        CLASS   SFR6           

        CLASS   SFR7           

        CLASS   SFR8           

        CLASS   SFR9           

        CLASS   SFR10          

        CLASS   SFR11          

        CLASS   SFR12          

        CLASS   SFR13          

        CLASS   SFR14          

        CLASS   SFR15          

        CLASS   SFR16          

        CLASS   SFR17          

        CLASS   SFR18          

        CLASS   SFR19          

        CLASS   SFR20          

        CLASS   SFR21          

        CLASS   SFR22          

        CLASS   SFR23          

        CLASS   SFR24          

        CLASS   SFR25          

        CLASS   SFR26          

        CLASS   SFR27          

        CLASS   SFR28          

        CLASS   SFR29          

        CLASS   SFR30          

        CLASS   SFR31          

        CLASS   CONFIG         
                config                             8007     8007        4         0

        CLASS   IDLOC          

        CLASS   EEDATA         
                eeprom_data                           0     F000      100         3

        CLASS   BANK31         

        CLASS   BANK30         

        CLASS   BANK29         

        CLASS   BANK28         

        CLASS   BANK27         

        CLASS   BANK26         



SEGMENTS        Name                           Load    Length   Top    Selector   Space  Class     Delta

                reset_vec                      000000  000002  000002         0       0  CODE        2
                intentry                       000004  0005CA  0005CE         8       0  CODE        2
                cstackBANK0                    000020  00004E  00006E        20       1  BANK0       1
                bitbssCOMMON                   000070  00000A  00007A        70       1  COMMON      1
                bssBANK1                       0000A0  00004F  0000EF        A0       1  BANK1       1
                bssBANK2                       000120  000012  000132       120       1  BANK2       1
                swtext1                        0005CE  000020  0005EE       B9C       0  CONST       2
                text22                         0005EE  000017  000605       BDC       0  CODE        2
                swtext2                        000605  000014  000619       C0A       0  CONST       2
                text12                         000619  000096  0006AF       C32       0  CODE        2
                stringtext1                    0006AF  000004  0006B3       D5E       0  STRCODE     2
                config                         008007  000004  00800B     1000E       0  CONFIG      2
                eeprom_data                    00F000  000100  00F100     1E000       3  EEDATA      2


UNUSED ADDRESS RANGES

        Name                Unused          Largest block    Delta
        BANK0            0006E-0006F               2           1
        BANK1            000EF-000EF               1           1
        BANK10           00520-0056F              50           1
        BANK11           005A0-005EF              50           1
        BANK12           00620-0066F              50           1
        BANK13           006A0-006EF              50           1
        BANK14           00720-0076F              50           1
        BANK15           007A0-007DF              40           1
        BANK2            00132-0016F              3E           1
        BANK3            001A0-001EF              50           1
        BANK4            00220-0026F              50           1
        BANK5            002A0-002EF              50           1
        BANK6            00320-0036F              50           1
        BANK7            003A0-003EF              50           1
        BANK8            00420-0046F              50           1
        BANK9            004A0-004EF              50           1
        BIGRAM           02000-027EF             7F0           1
        CODE             00002-00003               2           2
                         006B3-03FFF             800
        COMMON           0007A-0007D               4           1
        CONST            00002-00003               2           2
                         006B3-03FFF             100
        ENTRY            00002-00003               2           2
                         006B3-03FFF             100
        IDLOC            08000-08003               4           2
        RAM              0006E-0006F               2           1
                         000EF-000EF               1
                         00132-0016F              3E
                         001A0-001EF              50
                         00220-0026F              50
                         002A0-002EF              50
                         00320-0036F              50
                         003A0-003EF              50
                         00420-0046F              50
                         004A0-004EF              50
                         00520-0056F              50
                         005A0-005EF              50
                         00620-0066F              50
                         006A0-006EF              50
                         00720-0076F              50
                         007A0-007DF              40
        SFR0             00000-0001F              20           1
        SFR1             00080-0009F              20           1
        SFR10            00500-0051F              20           1
        SFR11            00580-0059F              20           1
        SFR12            00600-0061F              20           1
        SFR13            00680-0069F              20           1
        SFR14            00700-0071F              20           1
        SFR15            00780-0079F              20           1
        SFR16            00800-0081F              20           1
        SFR17            00880-0089F              20           1
        SFR18            00900-0091F              20           1
        SFR19            00980-0099F              20           1
        SFR2             00100-0011F              20           1
        SFR20            00A00-00A1F              20           1
        SFR21            00A80-00A9F              20           1
        SFR22            00B00-00B1F              20           1
        SFR23            00B80-00B9F              20           1
        SFR24            00C00-00C1F              20           1
        SFR25            00C80-00C9F              20           1
        SFR26            00D00-00D6F              70           1
        SFR27            00D80-00DEF              70           1
        SFR28            00E00-00E6F              70           1
        SFR29            00E80-00EEF              70           1
        SFR3             00180-0019F              20           1
        SFR30            00F00-00F6F              70           1
        SFR31            00F80-00FEF              70           1
        SFR4             00200-0021F              20           1
        SFR5             00280-0029F              20           1
        SFR6             00300-0031F              20           1
        SFR7             00380-0039F              20           1
        SFR8             00400-0041F              20           1
        SFR9             00480-0049F              20           1
        STACK            020B2-024EF             43E           1
        STRCODE          00002-00003               2           2
                         006B3-03FFF            394D
        STRING           00002-00003               2           2
                         006B3-03FFF             100

                                  Symbol Table

?_getCargoData                   cstackBANK0  00020
Calibrate_download@bufint        cstackBANK1  000E7
Calibrate_download@buflong       cstackBANK1  000E3
Calibrate_download@spi_Read_data cstackBANK1  000E9
InitCalibrate@cargoData          cstackBANK0  00032
_ANSELA                          (abs)        0018C
_ANSELB                          (abs)        0018D
_ANSELC                          (abs)        0018E
_Calibrate_download              text8        000A7
_INLVLAbits                      (abs)        0038C
_INLVLBbits                      (abs)        0038D
_INLVLCbits                      (abs)        0038E
_INTCONbits                      (abs)        0000B
_IOCAFbits                       (abs)        00393
_IOCANbits                       (abs)        00392
_IOCAPbits                       (abs)        00391
_InitCalibrate                   text11       004EC
_InterMSSP                       intentry     00004
_LATAbits                        (abs)        0010C
_OSCFRQbits                      (abs)        0091F
_OSCTUNEbits                     (abs)        0091E
_PIE0bits                        (abs)        00090
_PIE1bits                        (abs)        00091
_PIE2bits                        (abs)        00092
_PIR0bits                        (abs)        00010
_PIR1bits                        (abs)        00011
_PIR2bits                        (abs)        00012
_PORTA                           (abs)        0000C
_PORTB                           (abs)        0000D
_PORTC                           (abs)        0000E
_RA2PPS                          (abs)        00E92
_RB7PPS                          (abs)        00E9F
_RC2PPS                          (abs)        00EA2
_SSP1BUF                         (abs)        00211
_SSP1CON1bits                    (abs)        00215
_SSP1CON3bits                    (abs)        00217
_SSP1SSPPSbits                   (abs)        00E22
_SSP1STATbits                    (abs)        00214
_SSP2BUF                         (abs)        00219
_SSP2CON1bits                    (abs)        0021D
_SSP2CON3bits                    (abs)        0021F
_SSP2SSPPSbits                   (abs)        00E1F
_SSP2STATbits                    (abs)        0021C
_TRISA                           (abs)        0008C
_TRISB                           (abs)        0008D
_TRISBbits                       (abs)        0008D
_TRISC                           (abs)        0008E
_TRISCbits                       (abs)        0008E
_WPUA                            (abs)        0020C
_WPUB                            (abs)        0020D
_WPUC                            (abs)        0020E
__Babs1                          abs1         1E200
__Bbank0                         bank0        1E200
__Bbank1                         bank1        1E200
__Bbank10                        bank10       1E200
__Bbank11                        bank11       1E200
__Bbank12                        bank12       1E200
__Bbank13                        bank13       1E200
__Bbank14                        bank14       1E200
__Bbank15                        bank15       1E200
__Bbank16                        bank16       1E200
__Bbank17                        bank17       1E200
__Bbank18                        bank18       1E200
__Bbank19                        bank19       1E200
__Bbank2                         bank2        1E200
__Bbank20                        bank20       1E200
__Bbank21                        bank21       1E200
__Bbank22                        bank22       1E200
__Bbank23                        bank23       1E200
__Bbank24                        bank24       1E200
__Bbank25                        bank25       1E200
__Bbank26                        bank26       1E200
__Bbank27                        bank27       1E200
__Bbank28                        bank28       1E200
__Bbank29                        bank29       1E200
__Bbank3                         bank3        1E200
__Bbank30                        bank30       1E200
__Bbank31                        bank31       1E200
__Bbank4                         bank4        1E200
__Bbank5                         bank5        1E200
__Bbank6                         bank6        1E200
__Bbank7                         bank7        1E200
__Bbank8                         bank8        1E200
__Bbank9                         bank9        1E200
__Bbigram                        bigram       1E200
__BbitbssCOMMON                  bitbssCOMMON 1E200
__BbitnvCOMMON                   bitnvCOMMON  1E200
__BbssBANK0                      bssBANK0     1E200
__BbssBANK1                      bssBANK1     1E200
__BbssBANK2                      bssBANK2     1E200
__BbssCOMMON                     bssCOMMON    1E200
__Bclrtext                       clrtext      1E200
__Bcode                          code         1E200
__Bcommon                        common       1E200
__BcstackBANK0                   cstackBANK0  1E200
__BcstackBANK1                   cstackBANK1  1E200
__BcstackCOMMON                  cstackCOMMON 1E200
__BdataBANK0                     dataBANK0    1E200
__BdataBANK1                     dataBANK1    1E200
__Beeprom_data                   eeprom_data  0F000
__Bmaintext                      maintext     1E200
__Bram                           ram          1E200
__Bsfr0                          sfr0         1E200
__Bsfr1                          sfr1         1E200
__Bsfr10                         sfr10        1E200
__Bsfr11                         sfr11        1E200
__Bsfr12                         sfr12        1E200
__Bsfr13                         sfr13        1E200
__Bsfr14                         sfr14        1E200
__Bsfr15                         sfr15        1E200
__Bsfr16                         sfr16        1E200
__Bsfr17                         sfr17        1E200
__Bsfr18                         sfr18        1E200
__Bsfr19                         sfr19        1E200
__Bsfr2                          sfr2         1E200
__Bsfr20                         sfr20        1E200
__Bsfr21                         sfr21        1E200
__Bsfr22                         sfr22        1E200
__Bsfr23                         sfr23        1E200
__Bsfr24                         sfr24        1E200
__Bsfr25                         sfr25        1E200
__Bsfr26                         sfr26        1E200
__Bsfr27                         sfr27        1E200
__Bsfr28                         sfr28        1E200
__Bsfr29                         sfr29        1E200
__Bsfr3                          sfr3         1E200
__Bsfr30                         sfr30        1E200
__Bsfr31                         sfr31        1E200
__Bsfr4                          sfr4         1E200
__Bsfr5                          sfr5         1E200
__Bsfr6                          sfr6         1E200
__Bsfr7                          sfr7         1E200
__Bsfr8                          sfr8         1E200
__Bsfr9                          sfr9         1E200
__Bstrings                       strings      1E200
__Btext                          text         1E200
__CFG_BOREN$ON                   (abs)        00000
__CFG_BORV$HIGH                  (abs)        00000
__CFG_CLKOUTEN$OFF               (abs)        00000
__CFG_CP$OFF                     (abs)        00000
__CFG_CPD$OFF                    (abs)        00000
__CFG_CSWEN$ON                   (abs)        00000
__CFG_DEBUG$OFF                  (abs)        00000
__CFG_FCMEN$ON                   (abs)        00000
__CFG_FEXTOSC$OFF                (abs)        00000
__CFG_LPBOREN$ON                 (abs)        00000
__CFG_LVP$OFF                    (abs)        00000
__CFG_MCLRE$OFF                  (abs)        00000
__CFG_PPS1WAY$ON                 (abs)        00000
__CFG_PWRTE$OFF                  (abs)        00000
__CFG_RSTOSC$HFINT32             (abs)        00000
__CFG_STVREN$ON                  (abs)        00000
__CFG_WDTE$OFF                   (abs)        00000
__CFG_WRT$OFF                    (abs)        00000
__Habs1                          abs1         00200
__Hbank0                         bank0        00200
__Hbank1                         bank1        00200
__Hbank10                        bank10       00200
__Hbank11                        bank11       00200
__Hbank12                        bank12       00200
__Hbank13                        bank13       00200
__Hbank14                        bank14       00200
__Hbank15                        bank15       00200
__Hbank16                        bank16       00200
__Hbank17                        bank17       00200
__Hbank18                        bank18       00200
__Hbank19                        bank19       00200
__Hbank2                         bank2        00200
__Hbank20                        bank20       00200
__Hbank21                        bank21       00200
__Hbank22                        bank22       00200
__Hbank23                        bank23       00200
__Hbank24                        bank24       00200
__Hbank25                        bank25       00200
__Hbank26                        bank26       00200
__Hbank27                        bank27       00200
__Hbank28                        bank28       00200
__Hbank29                        bank29       00200
__Hbank3                         bank3        00200
__Hbank30                        bank30       00200
__Hbank31                        bank31       00200
__Hbank4                         bank4        00200
__Hbank5                         bank5        00200
__Hbank6                         bank6        00200
__Hbank7                         bank7        00200
__Hbank8                         bank8        00200
__Hbank9                         bank9        00200
__Hbigram                        bigram       00200
__HbitbssCOMMON                  bitbssCOMMON F1000
__HbitnvCOMMON                   bitnvCOMMON  F1000
__HbssBANK0                      bssBANK0     00200
__HbssBANK1                      bssBANK1     00200
__HbssBANK2                      bssBANK2     00200
__HbssCOMMON                     bssCOMMON    00200
__Hcinit                         cinit        000A7
__Hclrtext                       clrtext      00200
__Hcode                          code         00200
__Hcommon                        common       00200
__Hconfig                        config       0800B
__HcstackBANK0                   cstackBANK0  00200
__HcstackBANK1                   cstackBANK1  00200
__HcstackCOMMON                  cstackCOMMON 00200
__HdataBANK0                     dataBANK0    00200
__HdataBANK1                     dataBANK1    00200
__Heeprom_data                   eeprom_data  00100
__Hend_init                      end_init     00065
__Hfunctab                       functab      00000
__HidataBANK0                    idataBANK0   1E200
__HidataBANK1                    idataBANK1   1E200
__Hidloc                         idloc        00000
__Hinit                          init         00063
__Hintentry                      intentry     00063
__Hmaintext                      maintext     00200
__Hpowerup                       powerup      00000
__Hram                           ram          00200
__Hreset_vec                     reset_vec    00002
__Hsfr0                          sfr0         00200
__Hsfr1                          sfr1         00200
__Hsfr10                         sfr10        00200
__Hsfr11                         sfr11        00200
__Hsfr12                         sfr12        00200
__Hsfr13                         sfr13        00200
__Hsfr14                         sfr14        00200
__Hsfr15                         sfr15        00200
__Hsfr16                         sfr16        00200
__Hsfr17                         sfr17        00200
__Hsfr18                         sfr18        00200
__Hsfr19                         sfr19        00200
__Hsfr2                          sfr2         00200
__Hsfr20                         sfr20        00200
__Hsfr21                         sfr21        00200
__Hsfr22                         sfr22        00200
__Hsfr23                         sfr23        00200
__Hsfr24                         sfr24        00200
__Hsfr25                         sfr25        00200
__Hsfr26                         sfr26        00200
__Hsfr27                         sfr27        00200
__Hsfr28                         sfr28        00200
__Hsfr29                         sfr29        00200
__Hsfr3                          sfr3         00200
__Hsfr30                         sfr30        00200
__Hsfr31                         sfr31        00200
__Hsfr4                          sfr4         00200
__Hsfr5                          sfr5         00200
__Hsfr6                          sfr6         00200
__Hsfr7                          sfr7         00200
__Hsfr8                          sfr8         00200
__Hsfr9                          sfr9         00200
__Hspace_0                       (abs)        F1000
__Hspace_1                       (abs)        003C1
__Hspace_2                       (abs)        00000
__Hspace_3                       (abs)        00100
__Hstack                         stack        00000
__Hstrings                       strings      00200
__Hstringtext1                   stringtext1  1E200
__Hstringtext2                   stringtext2  1E200
__Htext                          text         00200
__Labs1                          abs1         00200
__Lbank0                         bank0        00200
__Lbank1                         bank1        00200
__Lbank10                        bank10       00200
__Lbank11                        bank11       00200
__Lbank12                        bank12       00200
__Lbank13                        bank13       00200
__Lbank14                        bank14       00200
__Lbank15                        bank15       00200
__Lbank16                        bank16       00200
__Lbank17                        bank17       00200
__Lbank18                        bank18       00200
__Lbank19                        bank19       00200
__Lbank2                         bank2        00200
__Lbank20                        bank20       00200
__Lbank21                        bank21       00200
__Lbank22                        bank22       00200
__Lbank23                        bank23       00200
__Lbank24                        bank24       00200
__Lbank25                        bank25       00200
__Lbank26                        bank26       00200
__Lbank27                        bank27       00200
__Lbank28                        bank28       00200
__Lbank29                        bank29       00200
__Lbank3                         bank3        00200
__Lbank30                        bank30       00200
__Lbank31                        bank31       00200
__Lbank4                         bank4        00200
__Lbank5                         bank5        00200
__Lbank6                         bank6        00200
__Lbank7                         bank7        00200
__Lbank8                         bank8        00200
__Lbank9                         bank9        00200
__Lbigram                        bigram       00200
__LbitbssCOMMON                  bitbssCOMMON F1000
__LbitnvCOMMON                   bitnvCOMMON  F1000
__LbssBANK0                      bssBANK0     00200
__LbssBANK1                      bssBANK1     00200
__LbssBANK2                      bssBANK2     00200
__LbssCOMMON                     bssCOMMON    00200
__Lcinit                         cinit        00065
__Lclrtext                       clrtext      00200
__Lcode                          code         00200
__Lcommon                        common       00200
__Lconfig                        config       08007
__LcstackBANK0                   cstackBANK0  00200
__LcstackBANK1                   cstackBANK1  00200
__LcstackCOMMON                  cstackCOMMON 00200
__LdataBANK0                     dataBANK0    00200
__LdataBANK1                     dataBANK1    00200
__Leeprom_data                   eeprom_data  00000
__Lend_init                      end_init     00063
__Lfunctab                       functab      00000
__LidataBANK0                    idataBANK0   1E200
__LidataBANK1                    idataBANK1   1E200
__Lidloc                         idloc        00000
__Linit                          init         00063
__Lintentry                      intentry     00004
__Lmaintext                      maintext     00200
__Lpowerup                       powerup      00000
__Lram                           ram          00200
__Lreset_vec                     reset_vec    00000
__Lsfr0                          sfr0         00200
__Lsfr1                          sfr1         00200
__Lsfr10                         sfr10        00200
__Lsfr11                         sfr11        00200
__Lsfr12                         sfr12        00200
__Lsfr13                         sfr13        00200
__Lsfr14                         sfr14        00200
__Lsfr15                         sfr15        00200
__Lsfr16                         sfr16        00200
__Lsfr17                         sfr17        00200
__Lsfr18                         sfr18        00200
__Lsfr19                         sfr19        00200
__Lsfr2                          sfr2         00200
__Lsfr20                         sfr20        00200
__Lsfr21                         sfr21        00200
__Lsfr22                         sfr22        00200
__Lsfr23                         sfr23        00200
__Lsfr24                         sfr24        00200
__Lsfr25                         sfr25        00200
__Lsfr26                         sfr26        00200
__Lsfr27                         sfr27        00200
__Lsfr28                         sfr28        00200
__Lsfr29                         sfr29        00200
__Lsfr3                          sfr3         00200
__Lsfr30                         sfr30        00200
__Lsfr31                         sfr31        00200
__Lsfr4                          sfr4         00200
__Lsfr5                          sfr5         00200
__Lsfr6                          sfr6         00200
__Lsfr7                          sfr7         00200
__Lsfr8                          sfr8         00200
__Lsfr9                          sfr9         00200
__Lspace_0                       (abs)        00000
__Lspace_1                       (abs)        00000
__Lspace_2                       (abs)        00000
__Lspace_3                       (abs)        00000
__Lstack                         stack        00000
__Lstrings                       strings      00200
__Lstringtext1                   stringtext1  1E200
__Lstringtext2                   stringtext2  1E200
__Ltext                          text         00200
__S0                             (abs)        0800B
__S1                             (abs)        00132
__S2                             (abs)        00000
__S3                             (abs)        0F100
___int_sp                        stack        00000
___latbits                       (abs)        00003
___sp                            stack        00000
__end_of_Calibrate_download      text8        001A2
__end_of_InitCalibrate           text11       00517
__end_of_InterMSSP               intentry     00063
__end_of_MACHINE_ID              stringtext1  006B1
__end_of_VENDER_ID               stringtext2  006B3
__end_of__initialization         cinit        000A3
__end_of_addAngle                text29       00638
__end_of_clear                   text25       0065F
__end_of_clutchaction            text7        00683
__end_of_getCargoData            text12       00629
__end_of_init                    text23       00569
__end_of_initCargo               text22       00605
__end_of_initComand              text21       0035C
__end_of_initComu_types          text20       002EF
__end_of_initTrain               text16       003E5
__end_of_initbuffer              text24       00541
__end_of_io_init                 text15       00696
__end_of_isEndpoint              text9        0048E
__end_of_isSPI1read              text14       00645
__end_of_isSPI2read              text28       0066C
__end_of_isTrainSt               text19       003A1
__end_of_main                    maintext     004EC
__end_of_readCargo               text6        00282
__end_of_read_train              text13       0045A
__end_of_resetTrainData          text17       0069F
__end_of_restartCargo            text18       00652
__end_of_setCargoAngle           text30       006AB
__end_of_setComunicateMode       text5        00423
__end_of_setSPI1sendData         text27       0058C
__end_of_setSPI1sendDataManual   text10       006A5
__end_of_setSPI2sendData         text4        004BE
__end_of_spi1_init               text3        005CE
__end_of_spi2_init               text2        005AE
__end_of_spi_init                text1        0068D
__initialization                 cinit        00065
__pbitbssCOMMON                  bitbssCOMMON 00380
__pbitnvCOMMON                   bitnvCOMMON  003C0
__pbssBANK0                      bssBANK0     00048
__pbssBANK1                      bssBANK1     000A0
__pbssBANK2                      bssBANK2     00120
__pbssBIGRAM                     (abs)        024F0
__pbssCOMMON                     bssCOMMON    00079
__pcstackBANK0                   cstackBANK0  00020
__pcstackBANK1                   cstackBANK1  000E3
__pcstackCOMMON                  cstackCOMMON 00071
__pdataBANK0                     dataBANK0    0006C
__pdataBANK1                     dataBANK1    000ED
__pidataBANK0                    idataBANK0   006AB
__pidataBANK1                    idataBANK1   006AD
__pintentry                      intentry     00004
__pmaintext                      maintext     004BE
__pstringtext1                   stringtext1  006AF
__pstringtext2                   stringtext2  006B1
__pswtext1                       swtext1      005CE
__pswtext2                       swtext2      00605
__ptext1                         text1        00683
__ptext10                        text10       0069F
__ptext11                        text11       004EC
__ptext12                        text12       00619
__ptext13                        text13       00423
__ptext14                        text14       00638
__ptext15                        text15       0068D
__ptext16                        text16       003A1
__ptext17                        text17       00696
__ptext18                        text18       00645
__ptext19                        text19       0035C
__ptext2                         text2        0058C
__ptext20                        text20       00282
__ptext21                        text21       002EF
__ptext22                        text22       005EE
__ptext23                        text23       00541
__ptext24                        text24       00517
__ptext25                        text25       00652
__ptext27                        text27       00569
__ptext28                        text28       0065F
__ptext29                        text29       00629
__ptext3                         text3        005AE
__ptext30                        text30       006A5
__ptext4                         text4        0048E
__ptext5                         text5        003E5
__ptext6                         text6        001A2
__ptext7                         text7        00678
__ptext8                         text8        000A7
__ptext9                         text9        0045A
__size_of_Calibrate_download     (abs)        00000
__size_of_InitCalibrate          (abs)        00000
__size_of_InterMSSP              (abs)        00000
__size_of_addAngle               (abs)        00000
__size_of_clear                  (abs)        00000
__size_of_clutchaction           (abs)        00000
__size_of_getCargoData           (abs)        00000
__size_of_init                   (abs)        00000
__size_of_initCargo              (abs)        00000
__size_of_initComand             (abs)        00000
__size_of_initComu_types         (abs)        00000
__size_of_initTrain              (abs)        00000
__size_of_initbuffer             (abs)        00000
__size_of_io_init                (abs)        00000
__size_of_isEndpoint             (abs)        00000
__size_of_isSPI1read             (abs)        00000
__size_of_isSPI2read             (abs)        00000
__size_of_isTrainSt              (abs)        00000
__size_of_main                   (abs)        00000
__size_of_readCargo              (abs)        00000
__size_of_read_train             (abs)        00000
__size_of_resetTrainData         (abs)        00000
__size_of_restartCargo           (abs)        00000
__size_of_setCargoAngle          (abs)        00000
__size_of_setComunicateMode      (abs)        00000
__size_of_setSPI1sendData        (abs)        00000
__size_of_setSPI1sendDataManual  (abs)        00000
__size_of_setSPI2sendData        (abs)        00000
__size_of_spi1_init              (abs)        00000
__size_of_spi2_init              (abs)        00000
__size_of_spi_init               (abs)        00000
_addAngle                        text29       00629
_calibdata                       bssBANK1     000C4
_cargoData                       bssBANK0     00048
_cargoLengthnuf                  bssBANK1     000DB
_cargoWorkingCount               bssBANK1     000D3
_cargo_index                     bssBANK2     00120
_clear                           text25       00652
_clutchaction                    text7        00678
_command                         bssBANK1     000B2
_comu_types                      bssBANK1     000A0
_count1                          bssBANK0     00064
_count2                          bssBANK0     00062
_countabuf                       bssBANK0     0005E
_direction                       dataBANK1    000ED
_getCargoData                    text12       00619
_init                            text23       00541
_initCargo                       text22       005EE
_initComand                      text21       002EF
_initComu_types                  text20       00282
_initTrain                       text16       003A1
_initbuffer                      text24       00517
_io_init                         text15       0068D
_isEndPointTrig                  bitnvCOMMON  003C0
_isEndpoint                      text9        0045A
_isMycargo                       bitbssCOMMON 00380
_isSPI1read                      text14       00638
_isSPI2read                      text28       0065F
_isTrainSt                       text19       0035C
_isreadTrain                     bitbssCOMMON 00386
_linkAngle                       bssBANK0     00058
_linkInfo                        bssBANK1     000CD
_main                            maintext     004BE
_readCargo                       text6        001A2
_read_count1                     bssBANK0     00060
_read_count2                     bssBANK0     0005A
_read_train                      text13       00423
_resetTrainData                  text17       00696
_restartCargo                    text18       00645
_send_count1                     bssBANK1     000DD
_setCargoAngle                   text30       006A5
_setComunicateMode               text5        003E5
_setSPI1sendData                 text27       00569
_setSPI1sendDataManual           text10       0069F
_setSPI2sendData                 text4        0048E
_spi1_Read_data                  bssCOMMON    00079
_spi1_buffer_data                (abs)        026F0
_spi1_init                       text3        005AE
_spi1_send_buffer_data           (abs)        024F0
_spi1_send_count                 bssBANK1     000DF
_spi2_Send_data                  bssBANK0     0006B
_spi2_buffer_data                (abs)        025F0
_spi2_init                       text2        0058C
_spi_init                        text1        00683
_st_dataLength                   dataBANK0    0006C
_st_type                         bssBANK0     0006A
_startTrainBytes                 bssBANK1     000D7
_trainPos                        bssBANK0     0005C
btemp                            (abs)        0007E
clear_ram0                       clrtext      0066C
clutchaction@comannd             cstackBANK0  00020
end_of_initialization            cinit        000A3
initbuffer@i                     cstackBANK0  00022
int$flags                        (abs)        0007E
intlevel0                        functab      00000
intlevel1                        functab      00000
intlevel2                        functab      00000
intlevel3                        functab      00000
intlevel4                        functab      00000
intlevel5                        functab      00000
isEndpoint@spi2data              cstackBANK0  00026
isTrainSt@buf                    cstackBANK0  00028
readCargo@bufint                 cstackBANK0  0003A
readCargo@buflong                cstackBANK0  00036
readCargo@spi1_Read_data         cstackBANK0  0003C
read_train@bufint                cstackBANK0  00022
reset_vec                        reset_vec    00000
setCargoAngle@m_linkAngleTo      cstackCOMMON 00071
setComunicateMode@i              cstackBANK1  000EB
setComunicateMode@m_type         cstackBANK1  000EA
setSPI1sendDataManual@data       cstackBANK0  00020
spi1_init@dummy                  cstackBANK0  00021
spi2_init@dummy                  cstackBANK0  00021
stackhi                          (abs)        024EF
stacklo                          (abs)        020B2
start                            init         00063
start_initialization             cinit        00065
wtemp0                           (abs)        0007E


FUNCTION INFORMATION:

 *************** function _main *****************
 Defined at:
		line 163 in file "D:/programdata/16F18346_Link_IC.X/main.c"
 Parameters:    Size  Location     Type
		None
 Auto vars:     Size  Location     Type
		None
 Return value:  Size  Location     Type
                  1    wreg      void 
 Registers used:
		wreg, fsr0l, fsr0h, fsr1l, fsr1h, status,2, status,0, pclath, cstack
 Tracked objects:
		On entry : 
		On exit  : 
		Unchanged: 
 Data sizes:     COMMON   BANK0   BANK1   BANK2   BANK3   BANK4   BANK5   BANK6   BANK7   BANK8   BANK9  BANK10  BANK11  BANK12  BANK13  BANK14  BANK15  BANK16  BANK17  BANK18  BANK19  BANK20  BANK21  BANK22  BANK23  BANK24  BANK25
      Params:         0       0       0       0       0       0       0       0       0       0       0       0       0       0       0       0       0       0       0       0       0       0       0       0       0       0       0
      Locals:         0       0       0       0       0       0       0       0       0       0       0       0       0       0       0       0       0       0       0       0       0       0       0       0       0       0       0
      Temps:          0       0       0       0       0       0       0       0       0       0       0       0       0       0       0       0       0       0       0       0       0       0       0       0       0       0       0
      Totals:         0       0       0       0       0       0       0       0       0       0       0       0       0       0       0       0       0       0       0       0       0       0       0       0       0       0       0
Total ram usage:        0 bytes
 Hardware stack levels required when called:    7
 This function calls:
		_InitCalibrate
		_init
		_initCargo
		_initComand
		_initComu_types
		_initTrain
		_io_init
		_isSPI1read
		_read_train
		_setComunicateMode
		_setSPI2sendData
		_spi_init
 This function is called by:
		Startup code after reset
 This function uses a non-reentrant model


 *************** function _spi_init *****************
 Defined at:
		line 22 in file "D:/programdata/16F18346_Link_IC.X/spiControl.c"
 Parameters:    Size  Location     Type
		None
 Auto vars:     Size  Location     Type
		None
 Return value:  Size  Location     Type
                  1    wreg      void 
 Registers used:
		wreg, status,2, status,0, pclath, cstack
 Tracked objects:
		On entry : 
		On exit  : 
		Unchanged: 
 Data sizes:     COMMON   BANK0   BANK1   BANK2   BANK3   BANK4   BANK5   BANK6   BANK7   BANK8   BANK9  BANK10  BANK11  BANK12  BANK13  BANK14  BANK15  BANK16  BANK17  BANK18  BANK19  BANK20  BANK21  BANK22  BANK23  BANK24  BANK25
      Params:         0       0       0       0       0       0       0       0       0       0       0       0       0       0       0       0       0       0       0       0       0       0       0       0       0       0       0
      Locals:         0       0       0       0       0       0       0       0       0       0       0       0       0       0       0       0       0       0       0       0       0       0       0       0       0       0       0
      Temps:          0       0       0       0       0       0       0       0       0       0       0       0       0       0       0       0       0       0       0       0       0       0       0       0       0       0       0
      Totals:         0       0       0       0       0       0       0       0       0       0       0       0       0       0       0       0       0       0       0       0       0       0       0       0       0       0       0
Total ram usage:        0 bytes
 Hardware stack levels used:    1
 Hardware stack levels required when called:    4
 This function calls:
		_spi1_init
		_spi2_init
 This function is called by:
		_main
 This function uses a non-reentrant model


 *************** function _spi2_init *****************
 Defined at:
		line 49 in file "D:/programdata/16F18346_Link_IC.X/spiControl.c"
 Parameters:    Size  Location     Type
		None
 Auto vars:     Size  Location     Type
  dummy           1    1[BANK0 ] unsigned char 
 Return value:  Size  Location     Type
                  1    wreg      void 
 Registers used:
		wreg, status,2, status,0
 Tracked objects:
		On entry : 
		On exit  : 
		Unchanged: 
 Data sizes:     COMMON   BANK0   BANK1   BANK2   BANK3   BANK4   BANK5   BANK6   BANK7   BANK8   BANK9  BANK10  BANK11  BANK12  BANK13  BANK14  BANK15  BANK16  BANK17  BANK18  BANK19  BANK20  BANK21  BANK22  BANK23  BANK24  BANK25
      Params:         0       0       0       0       0       0       0       0       0       0       0       0       0       0       0       0       0       0       0       0       0       0       0       0       0       0       0
      Locals:         0       1       0       0       0       0       0       0       0       0       0       0       0       0       0       0       0       0       0       0       0       0       0       0       0       0       0
      Temps:          0       1       0       0       0       0       0       0       0       0       0       0       0       0       0       0       0       0       0       0       0       0       0       0       0       0       0
      Totals:         0       2       0       0       0       0       0       0       0       0       0       0       0       0       0       0       0       0       0       0       0       0       0       0       0       0       0
Total ram usage:        2 bytes
 Hardware stack levels used:    1
 Hardware stack levels required when called:    3
 This function calls:
		Nothing
 This function is called by:
		_spi_init
 This function uses a non-reentrant model


 *************** function _spi1_init *****************
 Defined at:
		line 33 in file "D:/programdata/16F18346_Link_IC.X/spiControl.c"
 Parameters:    Size  Location     Type
		None
 Auto vars:     Size  Location     Type
  dummy           1    1[BANK0 ] unsigned char 
 Return value:  Size  Location     Type
                  1    wreg      void 
 Registers used:
		wreg, status,2, status,0
 Tracked objects:
		On entry : 
		On exit  : 
		Unchanged: 
 Data sizes:     COMMON   BANK0   BANK1   BANK2   BANK3   BANK4   BANK5   BANK6   BANK7   BANK8   BANK9  BANK10  BANK11  BANK12  BANK13  BANK14  BANK15  BANK16  BANK17  BANK18  BANK19  BANK20  BANK21  BANK22  BANK23  BANK24  BANK25
      Params:         0       0       0       0       0       0       0       0       0       0       0       0       0       0       0       0       0       0       0       0       0       0       0       0       0       0       0
      Locals:         0       1       0       0       0       0       0       0       0       0       0       0       0       0       0       0       0       0       0       0       0       0       0       0       0       0       0
      Temps:          0       1       0       0       0       0       0       0       0       0       0       0       0       0       0       0       0       0       0       0       0       0       0       0       0       0       0
      Totals:         0       2       0       0       0       0       0       0       0       0       0       0       0       0       0       0       0       0       0       0       0       0       0       0       0       0       0
Total ram usage:        2 bytes
 Hardware stack levels used:    1
 Hardware stack levels required when called:    3
 This function calls:
		Nothing
 This function is called by:
		_spi_init
 This function uses a non-reentrant model


 *************** function _setSPI2sendData *****************
 Defined at:
		line 107 in file "D:/programdata/16F18346_Link_IC.X/spiControl.c"
 Parameters:    Size  Location     Type
		None
 Auto vars:     Size  Location     Type
		None
 Return value:  Size  Location     Type
                  1    wreg      void 
 Registers used:
		wreg, fsr1l, fsr1h, status,2, status,0
 Tracked objects:
		On entry : 
		On exit  : 
		Unchanged: 
 Data sizes:     COMMON   BANK0   BANK1   BANK2   BANK3   BANK4   BANK5   BANK6   BANK7   BANK8   BANK9  BANK10  BANK11  BANK12  BANK13  BANK14  BANK15  BANK16  BANK17  BANK18  BANK19  BANK20  BANK21  BANK22  BANK23  BANK24  BANK25
      Params:         0       0       0       0       0       0       0       0       0       0       0       0       0       0       0       0       0       0       0       0       0       0       0       0       0       0       0
      Locals:         0       0       0       0       0       0       0       0       0       0       0       0       0       0       0       0       0       0       0       0       0       0       0       0       0       0       0
      Temps:          0       4       0       0       0       0       0       0       0       0       0       0       0       0       0       0       0       0       0       0       0       0       0       0       0       0       0
      Totals:         0       4       0       0       0       0       0       0       0       0       0       0       0       0       0       0       0       0       0       0       0       0       0       0       0       0       0
Total ram usage:        4 bytes
 Hardware stack levels used:    1
 Hardware stack levels required when called:    3
 This function calls:
		Nothing
 This function is called by:
		_main
 This function uses a non-reentrant model


 *************** function _setComunicateMode *****************
 Defined at:
		line 38 in file "D:/programdata/16F18346_Link_IC.X/comu_type.c"
 Parameters:    Size  Location     Type
  m_type          1    wreg     unsigned char 
 Auto vars:     Size  Location     Type
  m_type          1    7[BANK1 ] unsigned char 
  i               2    8[BANK1 ] int 
 Return value:  Size  Location     Type
		None               void
 Registers used:
		wreg, fsr0l, fsr0h, fsr1l, fsr1h, status,2, status,0, pclath, cstack
 Tracked objects:
		On entry : 
		On exit  : 
		Unchanged: 
 Data sizes:     COMMON   BANK0   BANK1   BANK2   BANK3   BANK4   BANK5   BANK6   BANK7   BANK8   BANK9  BANK10  BANK11  BANK12  BANK13  BANK14  BANK15  BANK16  BANK17  BANK18  BANK19  BANK20  BANK21  BANK22  BANK23  BANK24  BANK25
      Params:         0       0       0       0       0       0       0       0       0       0       0       0       0       0       0       0       0       0       0       0       0       0       0       0       0       0       0
      Locals:         0       0       3       0       0       0       0       0       0       0       0       0       0       0       0       0       0       0       0       0       0       0       0       0       0       0       0
      Temps:          0       1       0       0       0       0       0       0       0       0       0       0       0       0       0       0       0       0       0       0       0       0       0       0       0       0       0
      Totals:         0       1       3       0       0       0       0       0       0       0       0       0       0       0       0       0       0       0       0       0       0       0       0       0       0       0       0
Total ram usage:        4 bytes
 Hardware stack levels used:    1
 Hardware stack levels required when called:    6
 This function calls:
		_Calibrate_download
		_readCargo
 This function is called by:
		_main
 This function uses a non-reentrant model


 *************** function _readCargo *****************
 Defined at:
		line 15 in file "D:/programdata/16F18346_Link_IC.X/normal_mode.c"
 Parameters:    Size  Location     Type
  spi1_Read_da    1    wreg     unsigned char 
 Auto vars:     Size  Location     Type
  spi1_Read_da    1   28[BANK0 ] unsigned char 
  buflong         4   22[BANK0 ] unsigned long 
  bufint          2   26[BANK0 ] unsigned int 
 Return value:  Size  Location     Type
                  1    wreg      void 
 Registers used:
		wreg, fsr0l, fsr0h, fsr1l, fsr1h, status,2, status,0, pclath, cstack
 Tracked objects:
		On entry : 
		On exit  : 
		Unchanged: 
 Data sizes:     COMMON   BANK0   BANK1   BANK2   BANK3   BANK4   BANK5   BANK6   BANK7   BANK8   BANK9  BANK10  BANK11  BANK12  BANK13  BANK14  BANK15  BANK16  BANK17  BANK18  BANK19  BANK20  BANK21  BANK22  BANK23  BANK24  BANK25
      Params:         0       0       0       0       0       0       0       0       0       0       0       0       0       0       0       0       0       0       0       0       0       0       0       0       0       0       0
      Locals:         0       7       0       0       0       0       0       0       0       0       0       0       0       0       0       0       0       0       0       0       0       0       0       0       0       0       0
      Temps:          0       5       0       0       0       0       0       0       0       0       0       0       0       0       0       0       0       0       0       0       0       0       0       0       0       0       0
      Totals:         0      12       0       0       0       0       0       0       0       0       0       0       0       0       0       0       0       0       0       0       0       0       0       0       0       0       0
Total ram usage:       12 bytes
 Hardware stack levels used:    1
 Hardware stack levels required when called:    4
 This function calls:
		_clutchaction
		_getCargoData
		_restartCargo
 This function is called by:
		_setComunicateMode
 This function uses a non-reentrant model


 *************** function _clutchaction *****************
 Defined at:
		line 68 in file "D:/programdata/16F18346_Link_IC.X/command.c"
 Parameters:    Size  Location     Type
  comannd         1    wreg     unsigned char 
 Auto vars:     Size  Location     Type
  comannd         1    0[BANK0 ] unsigned char 
 Return value:  Size  Location     Type
		None               void
 Registers used:
		wreg, status,2, status,0
 Tracked objects:
		On entry : 
		On exit  : 
		Unchanged: 
 Data sizes:     COMMON   BANK0   BANK1   BANK2   BANK3   BANK4   BANK5   BANK6   BANK7   BANK8   BANK9  BANK10  BANK11  BANK12  BANK13  BANK14  BANK15  BANK16  BANK17  BANK18  BANK19  BANK20  BANK21  BANK22  BANK23  BANK24  BANK25
      Params:         0       0       0       0       0       0       0       0       0       0       0       0       0       0       0       0       0       0       0       0       0       0       0       0       0       0       0
      Locals:         0       1       0       0       0       0       0       0       0       0       0       0       0       0       0       0       0       0       0       0       0       0       0       0       0       0       0
      Temps:          0       0       0       0       0       0       0       0       0       0       0       0       0       0       0       0       0       0       0       0       0       0       0       0       0       0       0
      Totals:         0       1       0       0       0       0       0       0       0       0       0       0       0       0       0       0       0       0       0       0       0       0       0       0       0       0       0
Total ram usage:        1 bytes
 Hardware stack levels used:    1
 Hardware stack levels required when called:    3
 This function calls:
		Nothing
 This function is called by:
		_readCargo
 This function uses a non-reentrant model


 *************** function _Calibrate_download *****************
 Defined at:
		line 66 in file "D:/programdata/16F18346_Link_IC.X/calibrate_mode.c"
 Parameters:    Size  Location     Type
  spi_Read_dat    1    wreg     unsigned char 
 Auto vars:     Size  Location     Type
  spi_Read_dat    1    6[BANK1 ] unsigned char 
  buflong         4    0[BANK1 ] unsigned long 
  bufint          2    4[BANK1 ] unsigned int 
 Return value:  Size  Location     Type
                  1    wreg      void 
 Registers used:
		wreg, fsr0l, fsr0h, fsr1l, fsr1h, status,2, status,0, pclath, cstack
 Tracked objects:
		On entry : 
		On exit  : 
		Unchanged: 
 Data sizes:     COMMON   BANK0   BANK1   BANK2   BANK3   BANK4   BANK5   BANK6   BANK7   BANK8   BANK9  BANK10  BANK11  BANK12  BANK13  BANK14  BANK15  BANK16  BANK17  BANK18  BANK19  BANK20  BANK21  BANK22  BANK23  BANK24  BANK25
      Params:         0       0       0       0       0       0       0       0       0       0       0       0       0       0       0       0       0       0       0       0       0       0       0       0       0       0       0
      Locals:         0       0       7       0       0       0       0       0       0       0       0       0       0       0       0       0       0       0       0       0       0       0       0       0       0       0       0
      Temps:          0       5       0       0       0       0       0       0       0       0       0       0       0       0       0       0       0       0       0       0       0       0       0       0       0       0       0
      Totals:         0       5       7       0       0       0       0       0       0       0       0       0       0       0       0       0       0       0       0       0       0       0       0       0       0       0       0
Total ram usage:       12 bytes
 Hardware stack levels used:    1
 Hardware stack levels required when called:    5
 This function calls:
		_InitCalibrate
		_isEndpoint
 This function is called by:
		_setComunicateMode
 This function uses a non-reentrant model


 *************** function _isEndpoint *****************
 Defined at:
		line 30 in file "D:/programdata/16F18346_Link_IC.X/calibrate_mode.c"
 Parameters:    Size  Location     Type
		None
 Auto vars:     Size  Location     Type
  spi2data        1    6[BANK0 ] unsigned char 
 Return value:  Size  Location     Type
		None               void
 Registers used:
		wreg, fsr1l, fsr1h, status,2, status,0, pclath, cstack
 Tracked objects:
		On entry : 
		On exit  : 
		Unchanged: 
 Data sizes:     COMMON   BANK0   BANK1   BANK2   BANK3   BANK4   BANK5   BANK6   BANK7   BANK8   BANK9  BANK10  BANK11  BANK12  BANK13  BANK14  BANK15  BANK16  BANK17  BANK18  BANK19  BANK20  BANK21  BANK22  BANK23  BANK24  BANK25
      Params:         0       0       0       0       0       0       0       0       0       0       0       0       0       0       0       0       0       0       0       0       0       0       0       0       0       0       0
      Locals:         0       1       0       0       0       0       0       0       0       0       0       0       0       0       0       0       0       0       0       0       0       0       0       0       0       0       0
      Temps:          0       5       0       0       0       0       0       0       0       0       0       0       0       0       0       0       0       0       0       0       0       0       0       0       0       0       0
      Totals:         0       6       0       0       0       0       0       0       0       0       0       0       0       0       0       0       0       0       0       0       0       0       0       0       0       0       0
Total ram usage:        6 bytes
 Hardware stack levels used:    1
 Hardware stack levels required when called:    4
 This function calls:
		_setSPI1sendDataManual
 This function is called by:
		_Calibrate_download
 This function uses a non-reentrant model


 *************** function _setSPI1sendDataManual *****************
 Defined at:
		line 104 in file "D:/programdata/16F18346_Link_IC.X/spiControl.c"
 Parameters:    Size  Location     Type
  data            1    wreg     unsigned char 
 Auto vars:     Size  Location     Type
  data            1    0[BANK0 ] unsigned char 
 Return value:  Size  Location     Type
                  1    wreg      void 
 Registers used:
		wreg
 Tracked objects:
		On entry : 
		On exit  : 
		Unchanged: 
 Data sizes:     COMMON   BANK0   BANK1   BANK2   BANK3   BANK4   BANK5   BANK6   BANK7   BANK8   BANK9  BANK10  BANK11  BANK12  BANK13  BANK14  BANK15  BANK16  BANK17  BANK18  BANK19  BANK20  BANK21  BANK22  BANK23  BANK24  BANK25
      Params:         0       0       0       0       0       0       0       0       0       0       0       0       0       0       0       0       0       0       0       0       0       0       0       0       0       0       0
      Locals:         0       1       0       0       0       0       0       0       0       0       0       0       0       0       0       0       0       0       0       0       0       0       0       0       0       0       0
      Temps:          0       0       0       0       0       0       0       0       0       0       0       0       0       0       0       0       0       0       0       0       0       0       0       0       0       0       0
      Totals:         0       1       0       0       0       0       0       0       0       0       0       0       0       0       0       0       0       0       0       0       0       0       0       0       0       0       0
Total ram usage:        1 bytes
 Hardware stack levels used:    1
 Hardware stack levels required when called:    3
 This function calls:
		Nothing
 This function is called by:
		_isEndpoint
 This function uses a non-reentrant model


 *************** function _InitCalibrate *****************
 Defined at:
		line 54 in file "D:/programdata/16F18346_Link_IC.X/calibrate_mode.c"
 Parameters:    Size  Location     Type
		None
 Auto vars:     Size  Location     Type
  cargoData      16   18[BANK0 ] struct .
 Return value:  Size  Location     Type
                  1    wreg      void 
 Registers used:
		wreg, fsr0l, fsr0h, fsr1l, fsr1h, status,2, status,0, pclath, cstack
 Tracked objects:
		On entry : 
		On exit  : 
		Unchanged: 
 Data sizes:     COMMON   BANK0   BANK1   BANK2   BANK3   BANK4   BANK5   BANK6   BANK7   BANK8   BANK9  BANK10  BANK11  BANK12  BANK13  BANK14  BANK15  BANK16  BANK17  BANK18  BANK19  BANK20  BANK21  BANK22  BANK23  BANK24  BANK25
      Params:         0       0       0       0       0       0       0       0       0       0       0       0       0       0       0       0       0       0       0       0       0       0       0       0       0       0       0
      Locals:         0      16       0       0       0       0       0       0       0       0       0       0       0       0       0       0       0       0       0       0       0       0       0       0       0       0       0
      Temps:          0       1       0       0       0       0       0       0       0       0       0       0       0       0       0       0       0       0       0       0       0       0       0       0       0       0       0
      Totals:         0      17       0       0       0       0       0       0       0       0       0       0       0       0       0       0       0       0       0       0       0       0       0       0       0       0       0
Total ram usage:       17 bytes
 Hardware stack levels used:    1
 Hardware stack levels required when called:    4
 This function calls:
		_getCargoData
 This function is called by:
		_main
		_Calibrate_download
 This function uses a non-reentrant model


 *************** function _getCargoData *****************
 Defined at:
		line 8 in file "struct.c"
 Parameters:    Size  Location     Type
		None
 Auto vars:     Size  Location     Type
		None
 Return value:  Size  Location     Type
                  16    0[BANK0 ] struct .
 Registers used:
		wreg, fsr0l, fsr0h, fsr1l, fsr1h, status,2, status,0
 Tracked objects:
		On entry : 
		On exit  : 
		Unchanged: 
 Data sizes:     COMMON   BANK0   BANK1   BANK2   BANK3   BANK4   BANK5   BANK6   BANK7   BANK8   BANK9  BANK10  BANK11  BANK12  BANK13  BANK14  BANK15  BANK16  BANK17  BANK18  BANK19  BANK20  BANK21  BANK22  BANK23  BANK24  BANK25
      Params:         0      16       0       0       0       0       0       0       0       0       0       0       0       0       0       0       0       0       0       0       0       0       0       0       0       0       0
      Locals:         0       0       0       0       0       0       0       0       0       0       0       0       0       0       0       0       0       0       0       0       0       0       0       0       0       0       0
      Temps:          0       1       0       0       0       0       0       0       0       0       0       0       0       0       0       0       0       0       0       0       0       0       0       0       0       0       0
      Totals:         0      17       0       0       0       0       0       0       0       0       0       0       0       0       0       0       0       0       0       0       0       0       0       0       0       0       0
Total ram usage:       17 bytes
 Hardware stack levels used:    1
 Hardware stack levels required when called:    3
 This function calls:
		Nothing
 This function is called by:
		_InitCalibrate
		_readCargo
		_setCargo_Angle
 This function uses a non-reentrant model


 *************** function _read_train *****************
 Defined at:
		line 203 in file "D:/programdata/16F18346_Link_IC.X/main.c"
 Parameters:    Size  Location     Type
		None
 Auto vars:     Size  Location     Type
  bufint          2    2[BANK0 ] unsigned int 
 Return value:  Size  Location     Type
                  1    wreg      void 
 Registers used:
		wreg, fsr0l, fsr0h, status,2, status,0
 Tracked objects:
		On entry : 
		On exit  : 
		Unchanged: 
 Data sizes:     COMMON   BANK0   BANK1   BANK2   BANK3   BANK4   BANK5   BANK6   BANK7   BANK8   BANK9  BANK10  BANK11  BANK12  BANK13  BANK14  BANK15  BANK16  BANK17  BANK18  BANK19  BANK20  BANK21  BANK22  BANK23  BANK24  BANK25
      Params:         0       0       0       0       0       0       0       0       0       0       0       0       0       0       0       0       0       0       0       0       0       0       0       0       0       0       0
      Locals:         0       2       0       0       0       0       0       0       0       0       0       0       0       0       0       0       0       0       0       0       0       0       0       0       0       0       0
[...]
      Temps:          0       1       0       0       0       0       0       0       0       0       0       0       0       0       0       0       0       0       0       0       0       0       0       0       0       0       0
      Totals:         0       1       0       0       0       0       0       0       0       0       0       0       0       0       0       0       0       0       0       0       0       0       0       0       0       0       0
Total ram usage:        1 bytes
 Hardware stack levels used:    1
 Hardware stack levels required when called:    3
 This function calls:
		Nothing
 This function is called by:
		_main
 This function uses a non-reentrant model


 *************** function _initCargo *****************
 Defined at:
		line 14 in file "struct.c"
 Parameters:    Size  Location     Type
		None
 Auto vars:     Size  Location     Type
		None
 Return value:  Size  Location     Type
                  1    wreg      void 
 Registers used:
		wreg, status,2
 Tracked objects:
		On entry : 
		On exit  : 
		Unchanged: 
 Data sizes:     COMMON   BANK0   BANK1   BANK2   BANK3   BANK4   BANK5   BANK6   BANK7   BANK8   BANK9  BANK10  BANK11  BANK12  BANK13  BANK14  BANK15  BANK16  BANK17  BANK18  BANK19  BANK20  BANK21  BANK22  BANK23  BANK24  BANK25
      Params:         0       0       0       0       0       0       0       0       0       0       0       0       0       0       0       0       0       0       0       0       0       0       0       0       0       0       0
      Locals:         0       0       0       0       0       0       0       0       0       0       0       0       0       0       0       0       0       0       0       0       0       0       0       0       0       0       0
      Temps:          0       0       0       0       0       0       0       0       0       0       0       0       0       0       0       0       0       0       0       0       0       0       0       0       0       0       0
      Totals:         0       0       0       0       0       0       0       0       0       0       0       0       0       0       0       0       0       0       0       0       0       0       0       0       0       0       0
Total ram usage:        0 bytes
 Hardware stack levels used:    1
 Hardware stack levels required when called:    3
 This function calls:
		Nothing
 This function is called by:
		_main
 This function uses a non-reentrant model


 *************** function _init *****************
 Defined at:
		line 106 in file "D:/programdata/16F18346_Link_IC.X/main.c"
 Parameters:    Size  Location     Type
		None
 Auto vars:     Size  Location     Type
		None
 Return value:  Size  Location     Type
                  1    wreg      void 
 Registers used:
		wreg, fsr1l, fsr1h, status,2, status,0, pclath, cstack
 Tracked objects:
		On entry : 
		On exit  : 
		Unchanged: 
 Data sizes:     COMMON   BANK0   BANK1   BANK2   BANK3   BANK4   BANK5   BANK6   BANK7   BANK8   BANK9  BANK10  BANK11  BANK12  BANK13  BANK14  BANK15  BANK16  BANK17  BANK18  BANK19  BANK20  BANK21  BANK22  BANK23  BANK24  BANK25
      Params:         0       0       0       0       0       0       0       0       0       0       0       0       0       0       0       0       0       0       0       0       0       0       0       0       0       0       0
      Locals:         0       0       0       0       0       0       0       0       0       0       0       0       0       0       0       0       0       0       0       0       0       0       0       0       0       0       0
      Temps:          0       0       0       0       0       0       0       0       0       0       0       0       0       0       0       0       0       0       0       0       0       0       0       0       0       0       0
      Totals:         0       0       0       0       0       0       0       0       0       0       0       0       0       0       0       0       0       0       0       0       0       0       0       0       0       0       0
Total ram usage:        0 bytes
 Hardware stack levels used:    1
 Hardware stack levels required when called:    4
 This function calls:
		_clear
		_initbuffer
 This function is called by:
		_main
 This function uses a non-reentrant model


 *************** function _initbuffer *****************
 Defined at:
		line 100 in file "D:/programdata/16F18346_Link_IC.X/main.c"
 Parameters:    Size  Location     Type
		None
 Auto vars:     Size  Location     Type
  i               2    2[BANK0 ] int 
 Return value:  Size  Location     Type
                  1    wreg      void 
 Registers used:
		wreg, fsr1l, fsr1h, status,2, status,0
 Tracked objects:
		On entry : 
		On exit  : 
		Unchanged: 
 Data sizes:     COMMON   BANK0   BANK1   BANK2   BANK3   BANK4   BANK5   BANK6   BANK7   BANK8   BANK9  BANK10  BANK11  BANK12  BANK13  BANK14  BANK15  BANK16  BANK17  BANK18  BANK19  BANK20  BANK21  BANK22  BANK23  BANK24  BANK25
      Params:         0       0       0       0       0       0       0       0       0       0       0       0       0       0       0       0       0       0       0       0       0       0       0       0       0       0       0
      Locals:         0       2       0       0       0       0       0       0       0       0       0       0       0       0       0       0       0       0       0       0       0       0       0       0       0       0       0
      Temps:          0       2       0       0       0       0       0       0       0       0       0       0       0       0       0       0       0       0       0       0       0       0       0       0       0       0       0
      Totals:         0       4       0       0       0       0       0       0       0       0       0       0       0       0       0       0       0       0       0       0       0       0       0       0       0       0       0
Total ram usage:        4 bytes
 Hardware stack levels used:    1
 Hardware stack levels required when called:    3
 This function calls:
		Nothing
 This function is called by:
		_init
 This function uses a non-reentrant model


 *************** function _clear *****************
 Defined at:
		line 9 in file "D:/programdata/16F18346_Link_IC.X/util.c"
 Parameters:    Size  Location     Type
		None
 Auto vars:     Size  Location     Type
		None
 Return value:  Size  Location     Type
                  1    wreg      void 
 Registers used:
		status,2
 Tracked objects:
		On entry : 
		On exit  : 
		Unchanged: 
 Data sizes:     COMMON   BANK0   BANK1   BANK2   BANK3   BANK4   BANK5   BANK6   BANK7   BANK8   BANK9  BANK10  BANK11  BANK12  BANK13  BANK14  BANK15  BANK16  BANK17  BANK18  BANK19  BANK20  BANK21  BANK22  BANK23  BANK24  BANK25
      Params:         0       0       0       0       0       0       0       0       0       0       0       0       0       0       0       0       0       0       0       0       0       0       0       0       0       0       0
      Locals:         0       0       0       0       0       0       0       0       0       0       0       0       0       0       0       0       0       0       0       0       0       0       0       0       0       0       0
      Temps:          0       0       0       0       0       0       0       0       0       0       0       0       0       0       0       0       0       0       0       0       0       0       0       0       0       0       0
      Totals:         0       0       0       0       0       0       0       0       0       0       0       0       0       0       0       0       0       0       0       0       0       0       0       0       0       0       0
Total ram usage:        0 bytes
 Hardware stack levels used:    1
 Hardware stack levels required when called:    3
 This function calls:
		Nothing
 This function is called by:
		_init
 This function uses a non-reentrant model


 *************** function _InterMSSP *****************
 Defined at:
		line 68 in file "D:/programdata/16F18346_Link_IC.X/main.c"
 Parameters:    Size  Location     Type
		None
 Auto vars:     Size  Location     Type
		None
 Return value:  Size  Location     Type
                  1    wreg      void 
 Registers used:
		wreg, fsr1l, fsr1h, status,2, status,0, pclath, cstack
 Tracked objects:
		On entry : 
		On exit  : 
		Unchanged: 
 Data sizes:     COMMON   BANK0   BANK1   BANK2   BANK3   BANK4   BANK5   BANK6   BANK7   BANK8   BANK9  BANK10  BANK11  BANK12  BANK13  BANK14  BANK15  BANK16  BANK17  BANK18  BANK19  BANK20  BANK21  BANK22  BANK23  BANK24  BANK25
      Params:         0       0       0       0       0       0       0       0       0       0       0       0       0       0       0       0       0       0       0       0       0       0       0       0       0       0       0
      Locals:         0       0       0       0       0       0       0       0       0       0       0       0       0       0       0       0       0       0       0       0       0       0       0       0       0       0       0
      Temps:          5       0       0       0       0       0       0       0       0       0       0       0       0       0       0       0       0       0       0       0       0       0       0       0       0       0       0
      Totals:         5       0       0       0       0       0       0       0       0       0       0       0       0       0       0       0       0       0       0       0       0       0       0       0       0       0       0
Total ram usage:        5 bytes
 Hardware stack levels used:    1
 Hardware stack levels required when called:    2
 This function calls:
		_addAngle
		_setSPI1sendData
 This function is called by:
		Interrupt level 1
 This function uses a non-reentrant model


 *************** function _setSPI1sendData *****************
 Defined at:
		line 92 in file "D:/programdata/16F18346_Link_IC.X/spiControl.c"
 Parameters:    Size  Location     Type
		None
 Auto vars:     Size  Location     Type
		None
 Return value:  Size  Location     Type
                  1    wreg      void 
 Registers used:
		wreg, fsr1l, fsr1h, status,2, status,0, pclath, cstack
 Tracked objects:
		On entry : 
		On exit  : 
		Unchanged: 
 Data sizes:     COMMON   BANK0   BANK1   BANK2   BANK3   BANK4   BANK5   BANK6   BANK7   BANK8   BANK9  BANK10  BANK11  BANK12  BANK13  BANK14  BANK15  BANK16  BANK17  BANK18  BANK19  BANK20  BANK21  BANK22  BANK23  BANK24  BANK25
      Params:         0       0       0       0       0       0       0       0       0       0       0       0       0       0       0       0       0       0       0       0       0       0       0       0       0       0       0
      Locals:         0       0       0       0       0       0       0       0       0       0       0       0       0       0       0       0       0       0       0       0       0       0       0       0       0       0       0
      Temps:          2       0       0       0       0       0       0       0       0       0       0       0       0       0       0       0       0       0       0       0       0       0       0       0       0       0       0
      Totals:         2       0       0       0       0       0       0       0       0       0       0       0       0       0       0       0       0       0       0       0       0       0       0       0       0       0       0
Total ram usage:        2 bytes
 Hardware stack levels used:    1
 Hardware stack levels required when called:    1
 This function calls:
		_isSPI2read
 This function is called by:
		_InterMSSP
 This function uses a non-reentrant model


 *************** function _isSPI2read *****************
 Defined at:
		line 76 in file "D:/programdata/16F18346_Link_IC.X/spiControl.c"
 Parameters:    Size  Location     Type
		None
 Auto vars:     Size  Location     Type
		None
 Return value:  Size  Location     Type
		None               void
 Registers used:
		wreg, status,2, status,0
 Tracked objects:
		On entry : 
		On exit  : 
		Unchanged: 
 Data sizes:     COMMON   BANK0   BANK1   BANK2   BANK3   BANK4   BANK5   BANK6   BANK7   BANK8   BANK9  BANK10  BANK11  BANK12  BANK13  BANK14  BANK15  BANK16  BANK17  BANK18  BANK19  BANK20  BANK21  BANK22  BANK23  BANK24  BANK25
      Params:         0       0       0       0       0       0       0       0       0       0       0       0       0       0       0       0       0       0       0       0       0       0       0       0       0       0       0
      Locals:         0       0       0       0       0       0       0       0       0       0       0       0       0       0       0       0       0       0       0       0       0       0       0       0       0       0       0
      Temps:          0       0       0       0       0       0       0       0       0       0       0       0       0       0       0       0       0       0       0       0       0       0       0       0       0       0       0
      Totals:         0       0       0       0       0       0       0       0       0       0       0       0       0       0       0       0       0       0       0       0       0       0       0       0       0       0       0
Total ram usage:        0 bytes
 Hardware stack levels used:    1
 This function calls:
		Nothing
 This function is called by:
		_setSPI1sendData
 This function uses a non-reentrant model


 *************** function _addAngle *****************
 Defined at:
		line 29 in file "D:/programdata/16F18346_Link_IC.X/IO_control.c"
 Parameters:    Size  Location     Type
		None
 Auto vars:     Size  Location     Type
		None
 Return value:  Size  Location     Type
                  1    wreg      void 
 Registers used:
		wreg, status,2, status,0, pclath, cstack
 Tracked objects:
		On entry : 
		On exit  : 
		Unchanged: 
 Data sizes:     COMMON   BANK0   BANK1   BANK2   BANK3   BANK4   BANK5   BANK6   BANK7   BANK8   BANK9  BANK10  BANK11  BANK12  BANK13  BANK14  BANK15  BANK16  BANK17  BANK18  BANK19  BANK20  BANK21  BANK22  BANK23  BANK24  BANK25
      Params:         0       0       0       0       0       0       0       0       0       0       0       0       0       0       0       0       0       0       0       0       0       0       0       0       0       0       0
      Locals:         0       0       0       0       0       0       0       0       0       0       0       0       0       0       0       0       0       0       0       0       0       0       0       0       0       0       0
      Temps:          0       0       0       0       0       0       0       0       0       0       0       0       0       0       0       0       0       0       0       0       0       0       0       0       0       0       0
      Totals:         0       0       0       0       0       0       0       0       0       0       0       0       0       0       0       0       0       0       0       0       0       0       0       0       0       0       0
Total ram usage:        0 bytes
 Hardware stack levels used:    1
 Hardware stack levels required when called:    1
 This function calls:
		_setCargoAngle
 This function is called by:
		_InterMSSP
 This function uses a non-reentrant model


 *************** function _setCargoAngle *****************
 Defined at:
		line 39 in file "struct.c"
 Parameters:    Size  Location     Type
  m_linkAngleT    2    0[COMMON] int 
 Auto vars:     Size  Location     Type
		None
 Return value:  Size  Location     Type
                  1    wreg      void 
 Registers used:
		wreg
 Tracked objects:
		On entry : 
		On exit  : 
		Unchanged: 
 Data sizes:     COMMON   BANK0   BANK1   BANK2   BANK3   BANK4   BANK5   BANK6   BANK7   BANK8   BANK9  BANK10  BANK11  BANK12  BANK13  BANK14  BANK15  BANK16  BANK17  BANK18  BANK19  BANK20  BANK21  BANK22  BANK23  BANK24  BANK25
      Params:         2       0       0       0       0       0       0       0       0       0       0       0       0       0       0       0       0       0       0       0       0       0       0       0       0       0       0
      Locals:         0       0       0       0       0       0       0       0       0       0       0       0       0       0       0       0       0       0       0       0       0       0       0       0       0       0       0
      Temps:          0       0       0       0       0       0       0       0       0       0       0       0       0       0       0       0       0       0       0       0       0       0       0       0       0       0       0
      Totals:         2       0       0       0       0       0       0       0       0       0       0       0       0       0       0       0       0       0       0       0       0       0       0       0       0       0       0
Total ram usage:        2 bytes
 Hardware stack levels used:    1
 This function calls:
		Nothing
 This function is called by:
		_addAngle
 This function uses a non-reentrant model



MODULE INFORMATION

Module		Function		Class		Link	Load	Size
D:/programdata/16F18346_Link_IC.X/calibrate_mode.c
		_InitCalibrate 		CODE           	04EC	0000	44
		_isEndpoint    		CODE           	045A	0000	53
		_Calibrate_download		CODE           	00A7	0000	252

D:/programdata/16F18346_Link_IC.X/calibrate_mode.c estimated size: 349

D:/programdata/16F18346_Link_IC.X/comu_type.c
		_initComu_types		CODE           	0282	0000	110
		_setComunicateMode		CODE           	03E5	0000	63

D:/programdata/16F18346_Link_IC.X/comu_type.c estimated size: 173

D:/programdata/16F18346_Link_IC.X/command.c
		_clutchaction  		CODE           	0678	0000	12
		_initComand    		CODE           	02EF	0000	110

D:/programdata/16F18346_Link_IC.X/command.c estimated size: 122

D:/programdata/16F18346_Link_IC.X/IO_control.c
		_addAngle      		CODE           	0629	0000	16

D:/programdata/16F18346_Link_IC.X/IO_control.c estimated size: 16

D:/programdata/16F18346_Link_IC.X/util.c
		_clear         		CODE           	0652	0000	14

D:/programdata/16F18346_Link_IC.X/util.c estimated size: 14

shared
		_VENDER_ID     		STRCODE        	0000	0000	0
		_MACHINE_ID    		STRCODE        	0000	0000	0
		__initialization		CODE           	0065	0000	63

shared estimated size: 63

D:/programdata/16F18346_Link_IC.X/main.c
		_init          		CODE           	0541	0000	41
		_InterMSSP     		CODE           	0004	0000	96
		_main          		CODE           	04BE	0000	47
		_initbuffer    		CODE           	0517	0000	43
		_initTrain     		CODE           	03A1	0000	69
		_io_init       		CODE           	068D	0000	10
		_isTrainSt     		CODE           	035C	0000	70
		_resetTrainData		CODE           	0696	0000	10
		_read_train    		CODE           	0423	0000	56

D:/programdata/16F18346_Link_IC.X/main.c estimated size: 442

struct.c
		_setCargoAngle 		CODE           	06A5	0000	7
		_restartCargo  		CODE           	0645	0000	14
		_initCargo     		CODE           	05EE	0000	24
		_getCargoData  		CODE           	0619	0000	17

struct.c estimated size: 62

D:/programdata/16F18346_Link_IC.X/normal_mode.c
		_readCargo     		CODE           	01A2	0000	225

D:/programdata/16F18346_Link_IC.X/normal_mode.c estimated size: 225

D:/programdata/16F18346_Link_IC.X/spiControl.c
		_isSPI2read    		CODE           	065F	0000	14
		_setSPI2sendData		CODE           	048E	0000	49
		_setSPI1sendDataManual		CODE           	069F	0000	7
		_spi_init      		CODE           	0683	0000	11
		_spi1_init     		CODE           	05AE	0000	33
		_spi2_init     		CODE           	058C	0000	35
		_setSPI1sendData		CODE           	0569	0000	36
		_isSPI1read    		CODE           	0638	0000	14

D:/programdata/16F18346_Link_IC.X/spiControl.c estimated size: 199

