Microchip MPLAB XC8 Compiler V1.45 ()

Linker command line:

-W-3 --edf=C:\Program Files (x86)\Microchip\xc8\v1.45\dat\en_msgs.txt -cs \
  -h+dist/default/production\MPLAB.production.sym \
  --cmf=dist/default/production\MPLAB.production.cmf -z -Q16F18346 \
  -oC:\Users\conta\AppData\Local\Temp\sajc.2 \
  -Mdist/default/production/MPLAB.production.map -E1 -ver=XC8 \
  -ASTACK=020BCh-024efh -pstack=STACK -ACODE=00h-07FFhx8 \
  -ASTRCODE=00h-03FFFh -ASTRING=00h-0FFhx64 -ACONST=00h-0FFhx64 \
  -AENTRY=00h-0FFhx64 -ACOMMON=070h-07Fh -ABANK0=020h-06Fh \
  -ABANK1=0A0h-0EFh -ABANK2=0120h-016Fh -ABANK3=01A0h-01EFh \
  -ABANK4=0220h-026Fh -ABANK5=02A0h-02EFh -ABANK6=0320h-036Fh \
  -ABANK7=03A0h-03EFh -ABANK8=0420h-046Fh -ABANK9=04A0h-04EFh \
  -ABANK10=0520h-056Fh -ABANK11=05A0h-05EFh -ABANK12=0620h-066Fh \
  -ABANK13=06A0h-06EFh -ABANK14=0720h-076Fh -ABANK15=07A0h-07EFh \
  -ABANK16=0820h-086Fh -ABANK17=08A0h-08EFh -ABANK18=0920h-096Fh \
  -ABANK19=09A0h-09EFh -ABANK20=0A20h-0A6Fh -ABANK21=0AA0h-0AEFh \
  -ABANK22=0B20h-0B6Fh -ABANK23=0BA0h-0BEFh -ABANK24=0C20h-0C6Fh \
  -ABANK25=0CA0h-0CBFh -ABIGRAM=02000h-027EFh \
  -ARAM=020h-06Fh,0A0h-0EFh,0120h-016Fh,01A0h-01EFh,0220h-026Fh,02A0h-02EFh,0320h-036Fh,03A0h-03EFh,0420h-046Fh,04A0h-04EFh,0520h-056Fh,05A0h-05EFh,0620h-066Fh,06A0h-06EFh,0720h-076Fh,07A0h-07EFh,0820h-086Fh,08A0h-08EFh,0920h-096Fh,09A0h-09EFh,0A20h-0A6Fh,0AA0h-0AEFh,0B20h-0B6Fh,0BA0h-0BEFh,0C20h-0C6Fh,0CA0h-0CBFh \
  -AABS1=020h-07Fh,0A0h-0EFh,0120h-016Fh,01A0h-01EFh,0220h-026Fh,02A0h-02EFh,0320h-036Fh,03A0h-03EFh,0420h-046Fh,04A0h-04EFh,0520h-056Fh,05A0h-05EFh,0620h-066Fh,06A0h-06EFh,0720h-076Fh,07A0h-07EFh,0820h-086Fh,08A0h-08EFh,0920h-096Fh,09A0h-09EFh,0A20h-0A6Fh,0AA0h-0AEFh,0B20h-0B6Fh,0BA0h-0BEFh,0C20h-0C6Fh,0CA0h-0CBFh \
  -ASFR0=00h-01Fh -ASFR1=080h-09Fh -ASFR2=0100h-011Fh -ASFR3=0180h-019Fh \
  -ASFR4=0200h-021Fh -ASFR5=0280h-029Fh -ASFR6=0300h-031Fh \
  -ASFR7=0380h-039Fh -ASFR8=0400h-041Fh -ASFR9=0480h-049Fh \
  -ASFR10=0500h-051Fh -ASFR11=0580h-059Fh -ASFR12=0600h-061Fh \
  -ASFR13=0680h-069Fh -ASFR14=0700h-071Fh -ASFR15=0780h-079Fh \
  -ASFR16=0800h-081Fh -ASFR17=0880h-089Fh -ASFR18=0900h-091Fh \
  -ASFR19=0980h-099Fh -ASFR20=0A00h-0A1Fh -ASFR21=0A80h-0A9Fh \
  -ASFR22=0B00h-0B1Fh -ASFR23=0B80h-0B9Fh -ASFR24=0C00h-0C1Fh \
  -ASFR25=0C80h-0C9Fh -ASFR26=0D00h-0D6Fh -ASFR27=0D80h-0DEFh \
  -ASFR28=0E00h-0E6Fh -ASFR29=0E80h-0EEFh -ASFR30=0F00h-0F6Fh \
  -ASFR31=0F80h-0FEFh -preset_vec=00h,intentry=04h,init,end_init \
  -ppowerup=CODE -pcinit=CODE -pfunctab=ENTRY -ACONFIG=08007h-0800Ah \
  -pconfig=CONFIG -DCONFIG=2 -AIDLOC=08000h-08003h -pidloc=IDLOC -DIDLOC=2 \
  -AEEDATA=00h-0FFh/0F000h -peeprom_data=EEDATA -DEEDATA=2 -DCODE=2 \
  -DSTRCODE=2 -DSTRING=2 -DCONST=2 -DENTRY=2 -k \
  C:\Users\conta\AppData\Local\Temp\sajc.obj \
  dist/default/production\MPLAB.production.obj 

Object code version is 3.11

Machine type is 16F18346



                Name                               Link     Load   Length Selector   Space Scale
C:\Users\conta\AppData\Local\Temp\sajc.obj
                end_init                             60       60        2        8       0
                reset_vec                             0        0        2        0       0
                config                             8007     8007        4    1000E       0
dist/default/production\MPLAB.production.obj
                cinit                                62       62       45        8       0
                intentry                              4        4       5C        8       0
                eeprom_data                           0     F000       F8    1E000       3
                text34                              EF9      EF9        6     1DF2       0
                text33                              F2D      F2D        C     1E5A       0
                text32                              F5F      F5F       10     1EBE       0
                text31                              7D9      7D9       23        8       0
                text29                              F45      F45        D     1E8A       0
                text28                              7AF      7AF       2A        8       0
                text27                              FD8      FD8       28     1FB0       0
                text26                              F7F      F7F       17     1EFE       0
                text25                              547      547       6D        8       0
                text24                              4DA      4DA       6D        8       0
                text23                              5B4      5B4       4E        8       0
                text22                              EF4      EF4        5     1DE8       0
                text21                              F0E      F0E        A     1E1C       0
                text20                              602      602       45        8       0
                text19                              F05      F05        9     1E0A       0
                text18                              F52      F52        D     1EA4       0
                text17                              647      647       43        8       0
                text16                              F6F      F6F       10     1EDE       0
                text15                              784      784       2B        8       0
                text14                              3EA      3EA       82        8       0
                text13                              46C      46C       6E        8       0
                text12                              6FB      6FB       30        8       0
                text11                              304      304       E6        8       0
                text10                              EFF      EFF        6     1DFE       0
                text9                               6C7      6C7       34        8       0
                swtext3                             820      820       14     1000       0
                text8                               1D8      1D8      12C        8       0
                text7                               F22      F22        B     1E44       0
                swtext2                             800      800       20     1000       0
                text6                                A7       A7      131        8       0
                swtext1                             834      834        C     1000       0
                text5                               68A      68A       3D        8       0
                text4                               759      759       2B        8       0
                text3                               F96      F96       20     1F2C       0
                text2                               FB6      FB6       22     1F6C       0
                text1                               F18      F18        A     1E30       0
                maintext                            72B      72B       2E        8       0
                cstackBANK0                          20       20       32       20       1
                cstackCOMMON                         71       71        8       70       1
                cstackBANK2                         132      132        A      120       1
                clrtext                             F39      F39        C     1E72       0
                bssBANK2                            120      120       12      120       1
                dataBANK1                            EC       EC        4       A0       1
                bssBANK1                             A0       A0       4C       A0       1
                bssBANK0                             52       52       1D       20       1
                dataCOMMON                           7A       7A        1       70       1
                bitbssCOMMON                        380       70        8       70       1     8
                bitnvCOMMON                         3C8       79        1       70       1     8
                stringtext2                        1002     1002        2     2000       0
                stringtext1                        1000     1000        2     2000       0
                idataBANK1                          7FC      7FC        4        8       0
                idataCOMMON                           3        3        1        6       0

TOTAL           Name                               Link     Load   Length     Space
        CLASS   STACK          

        CLASS   CODE           
                end_init                             60       60        2         0
                cinit                                62       62       45         0
                intentry                              4        4       5C         0
                reset_vec                             0        0        2         0
                text34                              EF9      EF9        6         0
                text33                              F2D      F2D        C         0
                text32                              F5F      F5F       10         0
                text31                              7D9      7D9       23         0
                text29                              F45      F45        D         0
                text28                              7AF      7AF       2A         0
                text27                              FD8      FD8       28         0
                text26                              F7F      F7F       17         0
                text25                              547      547       6D         0
                text24                              4DA      4DA       6D         0
                text23                              5B4      5B4       4E         0
                text22                              EF4      EF4        5         0
                text21                              F0E      F0E        A         0
                text20                              602      602       45         0
                text19                              F05      F05        9         0
                text18                              F52      F52        D         0
                text17                              647      647       43         0
                text16                              F6F      F6F       10         0
                text15                              784      784       2B         0
                text14                              3EA      3EA       82         0
                text13                              46C      46C       6E         0
                text12                              6FB      6FB       30         0
                text11                              304      304       E6         0
                text10                              EFF      EFF        6         0
                text9                               6C7      6C7       34         0
                text8                               1D8      1D8      12C         0
                text7                               F22      F22        B         0
                text6                                A7       A7      131         0
                text5                               68A      68A       3D         0
                text4                               759      759       2B         0
                text3                               F96      F96       20         0
                text2                               FB6      FB6       22         0
                text1                               F18      F18        A         0
                maintext                            72B      72B       2E         0
                clrtext                             F39      F39        C         0
                idataBANK1                          7FC      7FC        4         0
                idataCOMMON                           3        3        1         0

        CLASS   STRCODE        
                stringtext2                        1002     1002        2         0
                stringtext1                        1000     1000        2         0

        CLASS   STRING         

        CLASS   CONST          
                swtext3                             820      820       14         0
                swtext2                             800      800       20         0
                swtext1                             834      834        C         0

        CLASS   ENTRY          

        CLASS   COMMON         
                cstackCOMMON                         71       71        8         1
                dataCOMMON                           7A       7A        1         1
                bitbssCOMMON                        380       70        8         1
                bitnvCOMMON                         3C8       79        1         1

        CLASS   BANK0          
                cstackBANK0                          20       20       32         1
                bssBANK0                             52       52       1D         1

        CLASS   BANK1          
                dataBANK1                            EC       EC        4         1
                bssBANK1                             A0       A0       4C         1

        CLASS   BANK2          
                cstackBANK2                         132      132        A         1
                bssBANK2                            120      120       12         1

        CLASS   BANK3          

        CLASS   BANK4          

        CLASS   BANK5          

        CLASS   BANK6          

        CLASS   BANK7          

        CLASS   BANK8          

        CLASS   BANK9          

        CLASS   BANK10         

        CLASS   BANK11         

        CLASS   BANK12         

        CLASS   BANK13         

        CLASS   BANK14         

        CLASS   BANK15         

        CLASS   BANK16         

        CLASS   BANK17         

        CLASS   BANK18         

        CLASS   BANK19         

        CLASS   BANK20         

        CLASS   BANK21         

        CLASS   BANK22         

        CLASS   BANK23         

        CLASS   BANK24         

        CLASS   BANK25         

        CLASS   BIGRAM         

        CLASS   RAM            

        CLASS   ABS1           
                abs_s1                               7E       7E        2         1
                abs_s1                              7E0      7E0       10         1
                abs_s1                              820      820       50         1
                abs_s1                              8A0      8A0       50         1
                abs_s1                              920      920       50         1
                abs_s1                              9A0      9A0       50         1
                abs_s1                              A20      A20       50         1
                abs_s1                              AA0      AA0       50         1
                abs_s1                              B20      B20       50         1
                abs_s1                              BA0      BA0       50         1
                abs_s1                              C20      C20       50         1
                abs_s1                              CA0      CA0       20         1
                abs_s1                             24F0     24F0        0         1
                abs_s1                             25F0     25F0        0         1
                abs_s1                             26F0     26F0        0         1

        CLASS   SFR0           

        CLASS   SFR1           

        CLASS   SFR2           

        CLASS   SFR3           

        CLASS   SFR4           

        CLASS   SFR5           

        CLASS   SFR6           

        CLASS   SFR7           

        CLASS   SFR8           

        CLASS   SFR9           

        CLASS   SFR10          

        CLASS   SFR11          

        CLASS   SFR12          

        CLASS   SFR13          

        CLASS   SFR14          

        CLASS   SFR15          

        CLASS   SFR16          

        CLASS   SFR17          

        CLASS   SFR18          

        CLASS   SFR19          

        CLASS   SFR20          

        CLASS   SFR21          

        CLASS   SFR22          

        CLASS   SFR23          

        CLASS   SFR24          

        CLASS   SFR25          

        CLASS   SFR26          

        CLASS   SFR27          

        CLASS   SFR28          

        CLASS   SFR29          

        CLASS   SFR30          

        CLASS   SFR31          

        CLASS   CONFIG         
                config                             8007     8007        4         0

        CLASS   IDLOC          

        CLASS   EEDATA         
                eeprom_data                           0     F000       F8         3

        CLASS   BANK31         

        CLASS   BANK30         

        CLASS   BANK29         

        CLASS   BANK28         

        CLASS   BANK27         

        CLASS   BANK26         



SEGMENTS        Name                           Load    Length   Top    Selector   Space  Class     Delta

                reset_vec                      000000  000002  000002         0       0  CODE        2
                idataCOMMON                    000003  000001  000004         6       0  CODE        2
                intentry                       000004  0007FC  000800         8       0  CODE        2
                cstackBANK0                    000020  00004F  00006F        20       1  BANK0       1
                bitbssCOMMON                   000070  00000B  00007B        70       1  COMMON      1
                bssBANK1                       0000A0  000050  0000F0        A0       1  BANK1       1
                bssBANK2                       000120  00001C  00013C       120       1  BANK2       1
                swtext2                        000800  000040  000840      1000       0  CONST       2
                text22                         000EF4  000005  000EF9      1DE8       0  CODE        2
                text34                         000EF9  000006  000EFF      1DF2       0  CODE        2
                text10                         000EFF  000006  000F05      1DFE       0  CODE        2
                text19                         000F05  000009  000F0E      1E0A       0  CODE        2
                text21                         000F0E  00000A  000F18      1E1C       0  CODE        2
                text1                          000F18  00000A  000F22      1E30       0  CODE        2
                text7                          000F22  00000B  000F2D      1E44       0  CODE        2
                text33                         000F2D  00000C  000F39      1E5A       0  CODE        2
                clrtext                        000F39  00000C  000F45      1E72       0  CODE        2
                text29                         000F45  00000D  000F52      1E8A       0  CODE        2
                text18                         000F52  00000D  000F5F      1EA4       0  CODE        2
                text32                         000F5F  000010  000F6F      1EBE       0  CODE        2
                text16                         000F6F  000010  000F7F      1EDE       0  CODE        2
                text26                         000F7F  000017  000F96      1EFE       0  CODE        2
                text3                          000F96  000020  000FB6      1F2C       0  CODE        2
                text2                          000FB6  000022  000FD8      1F6C       0  CODE        2
                text27                         000FD8  000028  001000      1FB0       0  CODE        2
                stringtext1                    001000  000004  001004      2000       0  STRCODE     2
                config                         008007  000004  00800B     1000E       0  CONFIG      2
                eeprom_data                    00F000  0000F8  00F0F8     1E000       3  EEDATA      2


UNUSED ADDRESS RANGES

        Name                Unused          Largest block    Delta
        BANK0            0006F-0006F               1           1
        BANK10           00520-0056F              50           1
        BANK11           005A0-005EF              50           1
        BANK12           00620-0066F              50           1
        BANK13           006A0-006EF              50           1
        BANK14           00720-0076F              50           1
        BANK15           007A0-007DF              40           1
        BANK2            0013C-0016F              34           1
        BANK3            001A0-001EF              50           1
        BANK4            00220-0026F              50           1
        BANK5            002A0-002EF              50           1
        BANK6            00320-0036F              50           1
        BANK7            003A0-003EF              50           1
        BANK8            00420-0046F              50           1
        BANK9            004A0-004EF              50           1
        BIGRAM           02000-027EF             7F0           1
        CODE             00002-00002               1           2
                         00840-00EF3             6B4
                         01004-03FFF             800
        COMMON           0007B-0007D               3           1
        CONST            00002-00002               1           2
                         00840-00EF3             100
                         01004-03FFF             100
        EEDATA           0F0F8-0F0FF               8           2
        ENTRY            00002-00002               1           2
                         00840-00EF3             100
                         01004-03FFF             100
        IDLOC            08000-08003               4           2
        RAM              0006F-0006F               1           1
                         0013C-0016F              34
                         001A0-001EF              50
                         00220-0026F              50
                         002A0-002EF              50
                         00320-0036F              50
                         003A0-003EF              50
                         00420-0046F              50
                         004A0-004EF              50
                         00520-0056F              50
                         005A0-005EF              50
                         00620-0066F              50
                         006A0-006EF              50
                         00720-0076F              50
                         007A0-007DF              40
        SFR0             00000-0001F              20           1
        SFR1             00080-0009F              20           1
        SFR10            00500-0051F              20           1
        SFR11            00580-0059F              20           1
        SFR12            00600-0061F              20           1
        SFR13            00680-0069F              20           1
        SFR14            00700-0071F              20           1
        SFR15            00780-0079F              20           1
        SFR16            00800-0081F              20           1
        SFR17            00880-0089F              20           1
        SFR18            00900-0091F              20           1
        SFR19            00980-0099F              20           1
        SFR2             00100-0011F              20           1
        SFR20            00A00-00A1F              20           1
        SFR21            00A80-00A9F              20           1
        SFR22            00B00-00B1F              20           1
        SFR23            00B80-00B9F              20           1
        SFR24            00C00-00C1F              20           1
        SFR25            00C80-00C9F              20           1
        SFR26            00D00-00D6F              70           1
        SFR27            00D80-00DEF              70           1
        SFR28            00E00-00E6F              70           1
        SFR29            00E80-00EEF              70           1
        SFR3             00180-0019F              20           1
        SFR30            00F00-00F6F              70           1
        SFR31            00F80-00FEF              70           1
        SFR4             00200-0021F              20           1
        SFR5             00280-0029F              20           1
        SFR6             00300-0031F              20           1
        SFR7             00380-0039F              20           1
        SFR8             00400-0041F              20           1
        SFR9             00480-0049F              20           1
        STACK            020BC-024EF             434           1
        STRCODE          00002-00002               1           2
                         00840-00EF3             6B4
                         01004-03FFF            2FFC
        STRING           00002-00002               1           2
                         00840-00EF3             100
                         01004-03FFF             100

                                  Symbol Table

?_TransLong256To255              cstackBANK0  0002F
?___aldiv                        cstackBANK0  00020
?___almod                        cstackBANK0  00020
?___lmul                         cstackBANK0  00020
?_getCargoData                   cstackBANK0  00020
Calibrate_download@bufint        cstackBANK2  00136
Calibrate_download@buflong       cstackBANK2  00132
Calibrate_download@spi_Read_data cstackBANK2  00138
InitCalibrate@cargoData          cstackBANK0  00032
TransLong256To255@TransData      cstackBANK0  00037
TransLong256To255@buf            cstackBANK0  00047
TransLong256To255@data           cstackBANK0  0002F
TransLong256To255@i              cstackBANK0  00045
TransLong256To255@j              cstackBANK0  0003B
TransLong256To255@mod            cstackBANK0  0003D
TransLong256To255@pow            cstackBANK0  00041
_ANSELA                          (abs)        0018C
_ANSELB                          (abs)        0018D
_ANSELC                          (abs)        0018E
_Calibrate_download              text8        001D8
_EEPROM_ADDR_buf                 bssBANK0     00066
_INLVLAbits                      (abs)        0038C
_INLVLBbits                      (abs)        0038D
_INLVLCbits                      (abs)        0038E
_INTCONbits                      (abs)        0000B
_IOCAFbits                       (abs)        00393
_IOCANbits                       (abs)        00392
_IOCAPbits                       (abs)        00391
_InitCalibrate                   text15       00784
_InterMSSP                       intentry     00004
_LATAbits                        (abs)        0010C
_NVMADRH                         (abs)        00892
_NVMADRL                         (abs)        00891
_NVMCON1bits                     (abs)        00895
_NVMDATH                         (abs)        00894
_NVMDATL                         (abs)        00893
_OSCFRQbits                      (abs)        0091F
_OSCTUNEbits                     (abs)        0091E
_PIE0bits                        (abs)        00090
_PIE1bits                        (abs)        00091
_PIE2bits                        (abs)        00092
_PIR0bits                        (abs)        00010
_PIR1bits                        (abs)        00011
_PIR2bits                        (abs)        00012
_PORTA                           (abs)        0000C
_PORTB                           (abs)        0000D
_PORTC                           (abs)        0000E
_RA2PPS                          (abs)        00E92
_RB7PPS                          (abs)        00E9F
_RC2PPS                          (abs)        00EA2
_RD                              (abs)        044A8
_RaadData                        bssBANK1     000E3
_SIZE_COUNT                      bssBANK1     000E1
_SPI_OFFSET_BYTE                 dataCOMMON   0007A
_SSP1BUF                         (abs)        00211
_SSP1CON1bits                    (abs)        00215
_SSP1CON3bits                    (abs)        00217
_SSP1SSPPSbits                   (abs)        00E22
_SSP1STATbits                    (abs)        00214
_SSP2BUF                         (abs)        00219
_SSP2CON1bits                    (abs)        0021D
_SSP2CON3bits                    (abs)        0021F
_SSP2SSPPSbits                   (abs)        00E1F
_SSP2STATbits                    (abs)        0021C
_TRISA                           (abs)        0008C
_TRISB                           (abs)        0008D
_TRISBbits                       (abs)        0008D
_TRISC                           (abs)        0008E
_TRISCbits                       (abs)        0008E
_TransLong256To255               text11       00304
_WPUA                            (abs)        0020C
_WPUB                            (abs)        0020D
_WPUC                            (abs)        0020E
__Babs1                          abs1         1E1F0
__Bbank0                         bank0        1E1F0
__Bbank1                         bank1        1E1F0
__Bbank10                        bank10       1E1F0
__Bbank11                        bank11       1E1F0
__Bbank12                        bank12       1E1F0
__Bbank13                        bank13       1E1F0
__Bbank14                        bank14       1E1F0
__Bbank15                        bank15       1E1F0
__Bbank16                        bank16       1E1F0
__Bbank17                        bank17       1E1F0
__Bbank18                        bank18       1E1F0
__Bbank19                        bank19       1E1F0
__Bbank2                         bank2        1E1F0
__Bbank20                        bank20       1E1F0
__Bbank21                        bank21       1E1F0
__Bbank22                        bank22       1E1F0
__Bbank23                        bank23       1E1F0
__Bbank24                        bank24       1E1F0
__Bbank25                        bank25       1E1F0
__Bbank26                        bank26       1E1F0
__Bbank27                        bank27       1E1F0
__Bbank28                        bank28       1E1F0
__Bbank29                        bank29       1E1F0
__Bbank3                         bank3        1E1F0
__Bbank30                        bank30       1E1F0
__Bbank31                        bank31       1E1F0
__Bbank4                         bank4        1E1F0
__Bbank5                         bank5        1E1F0
__Bbank6                         bank6        1E1F0
__Bbank7                         bank7        1E1F0
__Bbank8                         bank8        1E1F0
__Bbank9                         bank9        1E1F0
__Bbigram                        bigram       1E1F0
__BbitbssCOMMON                  bitbssCOMMON 1E1F0
__BbitnvCOMMON                   bitnvCOMMON  1E1F0
__BbssBANK0                      bssBANK0     1E1F0
__BbssBANK1                      bssBANK1     1E1F0
__BbssBANK2                      bssBANK2     1E1F0
__Bclrtext                       clrtext      1E1F0
__Bcode                          code         1E1F0
__Bcommon                        common       1E1F0
__BcstackBANK0                   cstackBANK0  1E1F0
__BcstackBANK2                   cstackBANK2  1E1F0
__BcstackCOMMON                  cstackCOMMON 1E1F0
__BdataBANK1                     dataBANK1    1E1F0
__BdataCOMMON                    dataCOMMON   1E1F0
__Beeprom_data                   eeprom_data  0F000
__Bmaintext                      maintext     1E1F0
__Bram                           ram          1E1F0
__Bsfr0                          sfr0         1E1F0
__Bsfr1                          sfr1         1E1F0
__Bsfr10                         sfr10        1E1F0
__Bsfr11                         sfr11        1E1F0
__Bsfr12                         sfr12        1E1F0
__Bsfr13                         sfr13        1E1F0
__Bsfr14                         sfr14        1E1F0
__Bsfr15                         sfr15        1E1F0
__Bsfr16                         sfr16        1E1F0
__Bsfr17                         sfr17        1E1F0
__Bsfr18                         sfr18        1E1F0
__Bsfr19                         sfr19        1E1F0
__Bsfr2                          sfr2         1E1F0
__Bsfr20                         sfr20        1E1F0
__Bsfr21                         sfr21        1E1F0
__Bsfr22                         sfr22        1E1F0
__Bsfr23                         sfr23        1E1F0
__Bsfr24                         sfr24        1E1F0
__Bsfr25                         sfr25        1E1F0
__Bsfr26                         sfr26        1E1F0
__Bsfr27                         sfr27        1E1F0
__Bsfr28                         sfr28        1E1F0
__Bsfr29                         sfr29        1E1F0
__Bsfr3                          sfr3         1E1F0
__Bsfr30                         sfr30        1E1F0
__Bsfr31                         sfr31        1E1F0
__Bsfr4                          sfr4         1E1F0
__Bsfr5                          sfr5         1E1F0
__Bsfr6                          sfr6         1E1F0
__Bsfr7                          sfr7         1E1F0
__Bsfr8                          sfr8         1E1F0
__Bsfr9                          sfr9         1E1F0
__Bstrings                       strings      1E1F0
__Btext                          text         1E1F0
__CFG_BOREN$ON                   (abs)        00000
__CFG_BORV$HIGH                  (abs)        00000
__CFG_CLKOUTEN$OFF               (abs)        00000
__CFG_CP$OFF                     (abs)        00000
__CFG_CPD$OFF                    (abs)        00000
__CFG_CSWEN$ON                   (abs)        00000
__CFG_DEBUG$OFF                  (abs)        00000
__CFG_FCMEN$ON                   (abs)        00000
__CFG_FEXTOSC$OFF                (abs)        00000
__CFG_LPBOREN$ON                 (abs)        00000
__CFG_LVP$OFF                    (abs)        00000
__CFG_MCLRE$OFF                  (abs)        00000
__CFG_PPS1WAY$ON                 (abs)        00000
__CFG_PWRTE$OFF                  (abs)        00000
__CFG_RSTOSC$HFINT32             (abs)        00000
__CFG_STVREN$ON                  (abs)        00000
__CFG_WDTE$OFF                   (abs)        00000
__CFG_WRT$OFF                    (abs)        00000
__Habs1                          abs1         001F0
__Hbank0                         bank0        001F0
__Hbank1                         bank1        001F0
__Hbank10                        bank10       001F0
__Hbank11                        bank11       001F0
__Hbank12                        bank12       001F0
__Hbank13                        bank13       001F0
__Hbank14                        bank14       001F0
__Hbank15                        bank15       001F0
__Hbank16                        bank16       001F0
__Hbank17                        bank17       001F0
__Hbank18                        bank18       001F0
__Hbank19                        bank19       001F0
__Hbank2                         bank2        001F0
__Hbank20                        bank20       001F0
__Hbank21                        bank21       001F0
__Hbank22                        bank22       001F0
__Hbank23                        bank23       001F0
__Hbank24                        bank24       001F0
__Hbank25                        bank25       001F0
__Hbank26                        bank26       001F0
__Hbank27                        bank27       001F0
__Hbank28                        bank28       001F0
__Hbank29                        bank29       001F0
__Hbank3                         bank3        001F0
__Hbank30                        bank30       001F0
__Hbank31                        bank31       001F0
__Hbank4                         bank4        001F0
__Hbank5                         bank5        001F0
__Hbank6                         bank6        001F0
__Hbank7                         bank7        001F0
__Hbank8                         bank8        001F0
__Hbank9                         bank9        001F0
__Hbigram                        bigram       001F0
__HbitbssCOMMON                  bitbssCOMMON F0F80
__HbitnvCOMMON                   bitnvCOMMON  F0F80
__HbssBANK0                      bssBANK0     001F0
__HbssBANK1                      bssBANK1     001F0
__HbssBANK2                      bssBANK2     001F0
__Hcinit                         cinit        000A7
__Hclrtext                       clrtext      001F0
__Hcode                          code         001F0
__Hcommon                        common       001F0
__Hconfig                        config       0800B
__HcstackBANK0                   cstackBANK0  001F0
__HcstackBANK2                   cstackBANK2  001F0
__HcstackCOMMON                  cstackCOMMON 001F0
__HdataBANK1                     dataBANK1    001F0
__HdataCOMMON                    dataCOMMON   001F0
__Heeprom_data                   eeprom_data  000F8
__Hend_init                      end_init     00062
__Hfunctab                       functab      00000
__HidataBANK1                    idataBANK1   1E1F0
__HidataCOMMON                   idataCOMMON  1E1F0
__Hidloc                         idloc        00000
__Hinit                          init         00060
__Hintentry                      intentry     00060
__Hmaintext                      maintext     001F0
__Hpowerup                       powerup      00000
__Hram                           ram          001F0
__Hreset_vec                     reset_vec    00002
__Hsfr0                          sfr0         001F0
__Hsfr1                          sfr1         001F0
__Hsfr10                         sfr10        001F0
__Hsfr11                         sfr11        001F0
__Hsfr12                         sfr12        001F0
__Hsfr13                         sfr13        001F0
__Hsfr14                         sfr14        001F0
__Hsfr15                         sfr15        001F0
__Hsfr16                         sfr16        001F0
__Hsfr17                         sfr17        001F0
__Hsfr18                         sfr18        001F0
__Hsfr19                         sfr19        001F0
__Hsfr2                          sfr2         001F0
__Hsfr20                         sfr20        001F0
__Hsfr21                         sfr21        001F0
__Hsfr22                         sfr22        001F0
__Hsfr23                         sfr23        001F0
__Hsfr24                         sfr24        001F0
__Hsfr25                         sfr25        001F0
__Hsfr26                         sfr26        001F0
__Hsfr27                         sfr27        001F0
__Hsfr28                         sfr28        001F0
__Hsfr29                         sfr29        001F0
__Hsfr3                          sfr3         001F0
__Hsfr30                         sfr30        001F0
__Hsfr31                         sfr31        001F0
__Hsfr4                          sfr4         001F0
__Hsfr5                          sfr5         001F0
__Hsfr6                          sfr6         001F0
__Hsfr7                          sfr7         001F0
__Hsfr8                          sfr8         001F0
__Hsfr9                          sfr9         001F0
__Hspace_0                       (abs)        F0F80
__Hspace_1                       (abs)        003C9
__Hspace_2                       (abs)        00000
__Hspace_3                       (abs)        000F8
__Hstack                         stack        00000
__Hstrings                       strings      001F0
__Hstringtext1                   stringtext1  1E1F0
__Hstringtext2                   stringtext2  1E1F0
__Htext                          text         001F0
__Labs1                          abs1         001F0
__Lbank0                         bank0        001F0
__Lbank1                         bank1        001F0
__Lbank10                        bank10       001F0
__Lbank11                        bank11       001F0
__Lbank12                        bank12       001F0
__Lbank13                        bank13       001F0
__Lbank14                        bank14       001F0
__Lbank15                        bank15       001F0
__Lbank16                        bank16       001F0
__Lbank17                        bank17       001F0
__Lbank18                        bank18       001F0
__Lbank19                        bank19       001F0
__Lbank2                         bank2        001F0
__Lbank20                        bank20       001F0
__Lbank21                        bank21       001F0
__Lbank22                        bank22       001F0
__Lbank23                        bank23       001F0
__Lbank24                        bank24       001F0
__Lbank25                        bank25       001F0
__Lbank26                        bank26       001F0
__Lbank27                        bank27       001F0
__Lbank28                        bank28       001F0
__Lbank29                        bank29       001F0
__Lbank3                         bank3        001F0
__Lbank30                        bank30       001F0
__Lbank31                        bank31       001F0
__Lbank4                         bank4        001F0
__Lbank5                         bank5        001F0
__Lbank6                         bank6        001F0
__Lbank7                         bank7        001F0
__Lbank8                         bank8        001F0
__Lbank9                         bank9        001F0
__Lbigram                        bigram       001F0
__LbitbssCOMMON                  bitbssCOMMON F0F80
__LbitnvCOMMON                   bitnvCOMMON  F0F80
__LbssBANK0                      bssBANK0     001F0
__LbssBANK1                      bssBANK1     001F0
__LbssBANK2                      bssBANK2     001F0
__Lcinit                         cinit        00062
__Lclrtext                       clrtext      001F0
__Lcode                          code         001F0
__Lcommon                        common       001F0
__Lconfig                        config       08007
__LcstackBANK0                   cstackBANK0  001F0
__LcstackBANK2                   cstackBANK2  001F0
__LcstackCOMMON                  cstackCOMMON 001F0
__LdataBANK1                     dataBANK1    001F0
__LdataCOMMON                    dataCOMMON   001F0
__Leeprom_data                   eeprom_data  00000
__Lend_init                      end_init     00060
__Lfunctab                       functab      00000
__LidataBANK1                    idataBANK1   1E1F0
__LidataCOMMON                   idataCOMMON  1E1F0
__Lidloc                         idloc        00000
__Linit                          init         00060
__Lintentry                      intentry     00004
__Lmaintext                      maintext     001F0
__Lpowerup                       powerup      00000
__Lram                           ram          001F0
__Lreset_vec                     reset_vec    00000
__Lsfr0                          sfr0         001F0
__Lsfr1                          sfr1         001F0
__Lsfr10                         sfr10        001F0
__Lsfr11                         sfr11        001F0
__Lsfr12                         sfr12        001F0
__Lsfr13                         sfr13        001F0
__Lsfr14                         sfr14        001F0
__Lsfr15                         sfr15        001F0
__Lsfr16                         sfr16        001F0
__Lsfr17                         sfr17        001F0
__Lsfr18                         sfr18        001F0
__Lsfr19                         sfr19        001F0
__Lsfr2                          sfr2         001F0
__Lsfr20                         sfr20        001F0
__Lsfr21                         sfr21        001F0
__Lsfr22                         sfr22        001F0
__Lsfr23                         sfr23        001F0
__Lsfr24                         sfr24        001F0
__Lsfr25                         sfr25        001F0
__Lsfr26                         sfr26        001F0
__Lsfr27                         sfr27        001F0
__Lsfr28                         sfr28        001F0
__Lsfr29                         sfr29        001F0
__Lsfr3                          sfr3         001F0
__Lsfr30                         sfr30        001F0
__Lsfr31                         sfr31        001F0
__Lsfr4                          sfr4         001F0
__Lsfr5                          sfr5         001F0
__Lsfr6                          sfr6         001F0
__Lsfr7                          sfr7         001F0
__Lsfr8                          sfr8         001F0
__Lsfr9                          sfr9         001F0
__Lspace_0                       (abs)        00000
__Lspace_1                       (abs)        00000
__Lspace_2                       (abs)        00000
__Lspace_3                       (abs)        00000
__Lstack                         stack        00000
__Lstrings                       strings      001F0
__Lstringtext1                   stringtext1  1E1F0
__Lstringtext2                   stringtext2  1E1F0
__Ltext                          text         001F0
__S0                             (abs)        0800B
__S1                             (abs)        0013C
__S2                             (abs)        00000
__S3                             (abs)        0F0F8
___aldiv                         text14       003EA
___aldiv@counter                 cstackBANK0  00029
___aldiv@dividend                cstackBANK0  00024
___aldiv@divisor                 cstackBANK0  00020
___aldiv@quotient                cstackBANK0  0002B
___aldiv@sign                    cstackBANK0  0002A
___almod                         text13       0046C
___almod@counter                 cstackBANK0  00029
___almod@dividend                cstackBANK0  00024
___almod@divisor                 cstackBANK0  00020
___almod@sign                    cstackBANK0  0002A
___int_sp                        stack        00000
___latbits                       (abs)        00003
___lmul                          text12       006FB
___lmul@multiplicand             cstackBANK0  00024
___lmul@multiplier               cstackBANK0  00020
___lmul@product                  cstackBANK0  00028
___sp                            stack        00000
__end_of_Calibrate_download      text8        00304
__end_of_InitCalibrate           text15       007AF
__end_of_InterMSSP               intentry     00060
__end_of_MACHINE_ID              stringtext1  01002
__end_of_TransLong256To255       text11       003EA
__end_of_VENDER_ID               stringtext2  01004
__end_of___aldiv                 text14       0046C
__end_of___almod                 text13       004DA
__end_of___lmul                  text12       0072B
__end_of__initialization         cinit        000A3
__end_of_addAngle                text33       00F39
__end_of_clear                   text29       00F52
__end_of_clutchaction            text7        00F2D
__end_of_getCargoData            text16       00F7F
__end_of_init                    text27       01000
__end_of_initCargo               text26       00F96
__end_of_initComand              text25       005B4
__end_of_initComu_types          text24       00547
__end_of_initTrain               text20       00647
__end_of_initbuffer              text28       007D9
__end_of_io_init                 text19       00F0E
__end_of_isEndpoint              text9        006FB
__end_of_isSPI1read              text18       00F5F
__end_of_isSPI2read              text32       00F6F
__end_of_isTrainSt               text23       00602
__end_of_main                    maintext     00759
__end_of_readCargo               text6        001D8
__end_of_read_train              text17       0068A
__end_of_resetTrainData          text21       00F18
__end_of_restartCargo            text22       00EF9
__end_of_setCargoAngle           text34       00EFF
__end_of_setComunicateMode       text5        006C7
__end_of_setSPI1sendData         text31       007FC
__end_of_setSPI1sendDataManual   text10       00F05
__end_of_setSPI2sendData         text4        00784
__end_of_spi1_init               text3        00FB6
__end_of_spi2_init               text2        00FD8
__end_of_spi_init                text1        00F22
__initialization                 cinit        00062
__pbitbssCOMMON                  bitbssCOMMON 00380
__pbitnvCOMMON                   bitnvCOMMON  003C8
__pbssBANK0                      bssBANK0     00052
__pbssBANK1                      bssBANK1     000A0
__pbssBANK2                      bssBANK2     00120
__pbssBIGRAM                     (abs)        024F0
__pcstackBANK0                   cstackBANK0  00020
__pcstackBANK2                   cstackBANK2  00132
__pcstackCOMMON                  cstackCOMMON 00071
__pdataBANK1                     dataBANK1    000EC
__pdataCOMMON                    dataCOMMON   0007A
__pidataBANK1                    idataBANK1   007FC
__pidataCOMMON                   idataCOMMON  00003
__pintentry                      intentry     00004
__pmaintext                      maintext     0072B
__pstringtext1                   stringtext1  01000
__pstringtext2                   stringtext2  01002
__pswtext1                       swtext1      00834
__pswtext2                       swtext2      00800
__pswtext3                       swtext3      00820
__ptext1                         text1        00F18
__ptext10                        text10       00EFF
__ptext11                        text11       00304
__ptext12                        text12       006FB
__ptext13                        text13       0046C
__ptext14                        text14       003EA
__ptext15                        text15       00784
__ptext16                        text16       00F6F
__ptext17                        text17       00647
__ptext18                        text18       00F52
__ptext19                        text19       00F05
__ptext2                         text2        00FB6
__ptext20                        text20       00602
__ptext21                        text21       00F0E
__ptext22                        text22       00EF4
__ptext23                        text23       005B4
__ptext24                        text24       004DA
__ptext25                        text25       00547
__ptext26                        text26       00F7F
__ptext27                        text27       00FD8
__ptext28                        text28       007AF
__ptext29                        text29       00F45
__ptext3                         text3        00F96
__ptext31                        text31       007D9
__ptext32                        text32       00F5F
__ptext33                        text33       00F2D
__ptext34                        text34       00EF9
__ptext4                         text4        00759
__ptext5                         text5        0068A
__ptext6                         text6        000A7
__ptext7                         text7        00F22
__ptext8                         text8        001D8
__ptext9                         text9        006C7
__size_of_Calibrate_download     (abs)        00000
__size_of_InitCalibrate          (abs)        00000
__size_of_InterMSSP              (abs)        00000
__size_of_TransLong256To255      (abs)        00000
__size_of___aldiv                (abs)        00000
__size_of___almod                (abs)        00000
__size_of___lmul                 (abs)        00000
__size_of_addAngle               (abs)        00000
__size_of_clear                  (abs)        00000
__size_of_clutchaction           (abs)        00000
__size_of_getCargoData           (abs)        00000
__size_of_init                   (abs)        00000
__size_of_initCargo              (abs)        00000
__size_of_initComand             (abs)        00000
__size_of_initComu_types         (abs)        00000
__size_of_initTrain              (abs)        00000
__size_of_initbuffer             (abs)        00000
__size_of_io_init                (abs)        00000
__size_of_isEndpoint             (abs)        00000
__size_of_isSPI1read             (abs)        00000
__size_of_isSPI2read             (abs)        00000
__size_of_isTrainSt              (abs)        00000
__size_of_main                   (abs)        00000
__size_of_readCargo              (abs)        00000
__size_of_read_train             (abs)        00000
__size_of_resetTrainData         (abs)        00000
__size_of_restartCargo           (abs)        00000
__size_of_setCargoAngle          (abs)        00000
__size_of_setComunicateMode      (abs)        00000
__size_of_setSPI1sendData        (abs)        00000
__size_of_setSPI1sendDataManual  (abs)        00000
__size_of_setSPI2sendData        (abs)        00000
__size_of_spi1_init              (abs)        00000
__size_of_spi2_init              (abs)        00000
__size_of_spi_init               (abs)        00000
_addAngle                        text33       00F2D
_calibdata                       bssBANK1     000C4
_cargoData                       bssBANK0     00052
_cargo_index                     bssBANK1     000B2
_clear                           text29       00F45
_clutchaction                    text7        00F22
_command                         bssBANK1     000A0
_comu_types                      bssBANK2     00120
_count1                          bssBANK0     00064
_count2                          bssBANK0     0006A
_countabuf                       bssBANK0     00068
_direction                       dataBANK1    000EC
_eeprom_address                  bssBANK1     000E9
_getCargoData                    text16       00F6F
_init                            text27       00FD8
_initCargo                       text26       00F7F
_initComand                      text25       00547
_initComu_types                  text24       004DA
_initTrain                       text20       00602
_initbuffer                      text28       007AF
_io_init                         text19       00F05
_isEndPointTrig                  bitnvCOMMON  003C8
_isEndpoint                      text9        006C7
_isMycargo                       bitbssCOMMON 00382
_isSPI1read                      text18       00F52
_isSPI2read                      text32       00F5F
_isTrainSt                       text23       005B4
_isreadTrain                     bitbssCOMMON 00381
_linkAngle                       bssBANK1     000E5
_linkInfo                        bssBANK1     000CD
_main                            maintext     0072B
_readCargo                       text6        000A7
_read_count1                     bssBANK0     00062
_read_count2                     bssBANK1     000DB
_read_train                      text17       00647
_resetTrainData                  text21       00F0E
_restartCargo                    text22       00EF4
_send_count1                     bssBANK1     000D7
_setCargoAngle                   text34       00EF9
_setComunicateMode               text5        0068A
_setSPI1sendData                 text31       007D9
_setSPI1sendDataManual           text10       00EFF
_setSPI2sendData                 text4        00759
_spi1_Read_data                  bssBANK0     0006C
_spi1_buffer_data                (abs)        025F0
_spi1_init                       text3        00F96
_spi1_send_buffer_data           (abs)        024F0
_spi1_send_count                 bssBANK1     000D9
_spi2_Send_data                  bssBANK0     0006D
_spi2_buffer_data                (abs)        026F0
_spi2_init                       text2        00FB6
_spi_init                        text1        00F18
_st_dataLength                   dataBANK1    000EE
_st_type                         bssBANK0     0006E
_startTrainBytes                 bssBANK1     000D3
_trainPos                        bssBANK1     000DF
btemp                            (abs)        0007E
clear_ram0                       clrtext      00F39
clutchaction@comannd             cstackBANK0  00020
end_of_initialization            cinit        000A3
initbuffer@i                     cstackBANK0  00022
int$flags                        (abs)        0007E
intlevel0                        functab      00000
intlevel1                        functab      00000
intlevel2                        functab      00000
intlevel3                        functab      00000
intlevel4                        functab      00000
intlevel5                        functab      00000
isEndpoint@spi2data              cstackBANK0  00026
isTrainSt@buf                    cstackBANK0  0002A
readCargo@bufint                 cstackBANK2  00136
readCargo@buflong                cstackBANK2  00132
readCargo@spi1_Read_data         cstackBANK2  00138
read_train@bufint                cstackBANK0  00022
reset_vec                        reset_vec    00000
setCargoAngle@m_linkAngleTo      cstackCOMMON 00071
setComunicateMode@i              cstackBANK2  0013A
setComunicateMode@m_type         cstackBANK2  00139
setSPI1sendDataManual@data       cstackBANK0  00020
spi1_init@dummy                  cstackBANK0  00021
spi2_init@dummy                  cstackBANK0  00021
stackhi                          (abs)        024EF
stacklo                          (abs)        020BC
start                            init         00060
start_initialization             cinit        00062
wtemp0                           (abs)        0007E


FUNCTION INFORMATION:

 *************** function _main *****************
 Defined at:
		line 158 in file "main.c"
 Parameters:    Size  Location     Type
		None
 Auto vars:     Size  Location     Type
		None
 Return value:  Size  Location     Type
                  1    wreg      void 
 Registers used:
		wreg, fsr0l, fsr0h, fsr1l, fsr1h, status,2, status,0, pclath, cstack
 Tracked objects:
		On entry : 
		On exit  : 
		Unchanged: 
 Data sizes:     COMMON   BANK0   BANK1   BANK2   BANK3   BANK4   BANK5   BANK6   BANK7   BANK8   BANK9  BANK10  BANK11  BANK12  BANK13  BANK14  BANK15  BANK16  BANK17  BANK18  BANK19  BANK20  BANK21  BANK22  BANK23  BANK24  BANK25
      Params:         0       0       0       0       0       0       0       0       0       0       0       0       0       0       0       0       0       0       0       0       0       0       0       0       0       0       0
      Locals:         0       0       0       0       0       0       0       0       0       0       0       0       0       0       0       0       0       0       0       0       0       0       0       0       0       0       0
      Temps:          0       0       0       0       0       0       0       0       0       0       0       0       0       0       0       0       0       0       0       0       0       0       0       0       0       0       0
      Totals:         0       0       0       0       0       0       0       0       0       0       0       0       0       0       0       0       0       0       0       0       0       0       0       0       0       0       0
Total ram usage:        0 bytes
 Hardware stack levels required when called:    7
 This function calls:
		_InitCalibrate
		_init
		_initCargo
		_initComand
		_initComu_types
		_initTrain
		_io_init
		_isSPI1read
		_read_train
		_setComunicateMode
		_setSPI2sendData
		_spi_init
 This function is called by:
		Startup code after reset
 This function uses a non-reentrant model


 *************** function _spi_init *****************
 Defined at:
		line 22 in file "spiControl.c"
 Parameters:    Size  Location     Type
		None
 Auto vars:     Size  Location     Type
		None
 Return value:  Size  Location     Type
                  1    wreg      void 
 Registers used:
		wreg, status,2, status,0, pclath, cstack
 Tracked objects:
		On entry : 
		On exit  : 
		Unchanged: 
 Data sizes:     COMMON   BANK0   BANK1   BANK2   BANK3   BANK4   BANK5   BANK6   BANK7   BANK8   BANK9  BANK10  BANK11  BANK12  BANK13  BANK14  BANK15  BANK16  BANK17  BANK18  BANK19  BANK20  BANK21  BANK22  BANK23  BANK24  BANK25
      Params:         0       0       0       0       0       0       0       0       0       0       0       0       0       0       0       0       0       0       0       0       0       0       0       0       0       0       0
      Locals:         0       0       0       0       0       0       0       0       0       0       0       0       0       0       0       0       0       0       0       0       0       0       0       0       0       0       0
      Temps:          0       0       0       0       0       0       0       0       0       0       0       0       0       0       0       0       0       0       0       0       0       0       0       0       0       0       0
      Totals:         0       0       0       0       0       0       0       0       0       0       0       0       0       0       0       0       0       0       0       0       0       0       0       0       0       0       0
Total ram usage:        0 bytes
 Hardware stack levels used:    1
 Hardware stack levels required when called:    4
 This function calls:
		_spi1_init
		_spi2_init
 This function is called by:
		_main
 This function uses a non-reentrant model


 *************** function _spi2_init *****************
 Defined at:
		line 49 in file "spiControl.c"
 Parameters:    Size  Location     Type
		None
 Auto vars:     Size  Location     Type
  dummy           1    1[BANK0 ] unsigned char 
 Return value:  Size  Location     Type
                  1    wreg      void 
 Registers used:
		wreg, status,2, status,0
 Tracked objects:
		On entry : 
		On exit  : 
		Unchanged: 
 Data sizes:     COMMON   BANK0   BANK1   BANK2   BANK3   BANK4   BANK5   BANK6   BANK7   BANK8   BANK9  BANK10  BANK11  BANK12  BANK13  BANK14  BANK15  BANK16  BANK17  BANK18  BANK19  BANK20  BANK21  BANK22  BANK23  BANK24  BANK25
      Params:         0       0       0       0       0       0       0       0       0       0       0       0       0       0       0       0       0       0       0       0       0       0       0       0       0       0       0
      Locals:         0       1       0       0       0       0       0       0       0       0       0       0       0       0       0       0       0       0       0       0       0       0       0       0       0       0       0
      Temps:          0       1       0       0       0       0       0       0       0       0       0       0       0       0       0       0       0       0       0       0       0       0       0       0       0       0       0
      Totals:         0       2       0       0       0       0       0       0       0       0       0       0       0       0       0       0       0       0       0       0       0       0       0       0       0       0       0
Total ram usage:        2 bytes
 Hardware stack levels used:    1
 Hardware stack levels required when called:    3
 This function calls:
		Nothing
 This function is called by:
		_spi_init
 This function uses a non-reentrant model


 *************** function _spi1_init *****************
 Defined at:
		line 33 in file "spiControl.c"
 Parameters:    Size  Location     Type
		None
 Auto vars:     Size  Location     Type
  dummy           1    1[BANK0 ] unsigned char 
 Return value:  Size  Location     Type
                  1    wreg      void 
 Registers used:
		wreg, status,2, status,0
 Tracked objects:
		On entry : 
		On exit  : 
		Unchanged: 
 Data sizes:     COMMON   BANK0   BANK1   BANK2   BANK3   BANK4   BANK5   BANK6   BANK7   BANK8   BANK9  BANK10  BANK11  BANK12  BANK13  BANK14  BANK15  BANK16  BANK17  BANK18  BANK19  BANK20  BANK21  BANK22  BANK23  BANK24  BANK25
      Params:         0       0       0       0       0       0       0       0       0       0       0       0       0       0       0       0       0       0       0       0       0       0       0       0       0       0       0
      Locals:         0       1       0       0       0       0       0       0       0       0       0       0       0       0       0       0       0       0       0       0       0       0       0       0       0       0       0
      Temps:          0       1       0       0       0       0       0       0       0       0       0       0       0       0       0       0       0       0       0       0       0       0       0       0       0       0       0
      Totals:         0       2       0       0       0       0       0       0       0       0       0       0       0       0       0       0       0       0       0       0       0       0       0       0       0       0       0
Total ram usage:        2 bytes
 Hardware stack levels used:    1
 Hardware stack levels required when called:    3
 This function calls:
		Nothing
 This function is called by:
		_spi_init
 This function uses a non-reentrant model


 *************** function _setSPI2sendData *****************
 Defined at:
		line 108 in file "spiControl.c"
 Parameters:    Size  Location     Type
		None
 Auto vars:     Size  Location     Type
		None
 Return value:  Size  Location     Type
                  1    wreg      void 
 Registers used:
		wreg, fsr1l, fsr1h, status,2, status,0
 Tracked objects:
		On entry : 
		On exit  : 
		Unchanged: 
 Data sizes:     COMMON   BANK0   BANK1   BANK2   BANK3   BANK4   BANK5   BANK6   BANK7   BANK8   BANK9  BANK10  BANK11  BANK12  BANK13  BANK14  BANK15  BANK16  BANK17  BANK18  BANK19  BANK20  BANK21  BANK22  BANK23  BANK24  BANK25
      Params:         0       0       0       0       0       0       0       0       0       0       0       0       0       0       0       0       0       0       0       0       0       0       0       0       0       0       0
      Locals:         0       0       0       0       0       0       0       0       0       0       0       0       0       0       0       0       0       0       0       0       0       0       0       0       0       0       0
      Temps:          0       4       0       0       0       0       0       0       0       0       0       0       0       0       0       0       0       0       0       0       0       0       0       0       0       0       0
      Totals:         0       4       0       0       0       0       0       0       0       0       0       0       0       0       0       0       0       0       0       0       0       0       0       0       0       0       0
Total ram usage:        4 bytes
 Hardware stack levels used:    1
 Hardware stack levels required when called:    3
 This function calls:
		Nothing
 This function is called by:
		_main
 This function uses a non-reentrant model


 *************** function _setComunicateMode *****************
 Defined at:
		line 39 in file "comu_type.c"
 Parameters:    Size  Location     Type
  m_type          1    wreg     unsigned char 
 Auto vars:     Size  Location     Type
  m_type          1    7[BANK2 ] unsigned char 
  i               2    8[BANK2 ] int 
 Return value:  Size  Location     Type
		None               void
 Registers used:
		wreg, fsr0l, fsr0h, fsr1l, fsr1h, status,2, status,0, pclath, cstack
 Tracked objects:
		On entry : 
		On exit  : 
		Unchanged: 
 Data sizes:     COMMON   BANK0   BANK1   BANK2   BANK3   BANK4   BANK5   BANK6   BANK7   BANK8   BANK9  BANK10  BANK11  BANK12  BANK13  BANK14  BANK15  BANK16  BANK17  BANK18  BANK19  BANK20  BANK21  BANK22  BANK23  BANK24  BANK25
      Params:         0       0       0       0       0       0       0       0       0       0       0       0       0       0       0       0       0       0       0       0       0       0       0       0       0       0       0
      Locals:         0       0       0       3       0       0       0       0       0       0       0       0       0       0       0       0       0       0       0       0       0       0       0       0       0       0       0
      Temps:          0       1       0       0       0       0       0       0       0       0       0       0       0       0       0       0       0       0       0       0       0       0       0       0       0       0       0
      Totals:         0       1       0       3       0       0       0       0       0       0       0       0       0       0       0       0       0       0       0       0       0       0       0       0       0       0       0
Total ram usage:        4 bytes
 Hardware stack levels used:    1
 Hardware stack levels required when called:    6
 This function calls:
		_Calibrate_download
		_readCargo
 This function is called by:
		_main
 This function uses a non-reentrant model


 *************** function _readCargo *****************
 Defined at:
		line 14 in file "normal_mode.c"
 Parameters:    Size  Location     Type
  spi1_Read_da    1    wreg     unsigned char 
 Auto vars:     Size  Location     Type
  spi1_Read_da    1    6[BANK2 ] unsigned char 
  buflong         4    0[BANK2 ] unsigned long 
  bufint          2    4[BANK2 ] unsigned int 
 Return value:  Size  Location     Type
                  1    wreg      void 
 Registers used:
		wreg, fsr0l, fsr0h, fsr1l, fsr1h, status,2, status,0, pclath, cstack
 Tracked objects:
		On entry : 
		On exit  : 
		Unchanged: 
 Data sizes:     COMMON   BANK0   BANK1   BANK2   BANK3   BANK4   BANK5   BANK6   BANK7   BANK8   BANK9  BANK10  BANK11  BANK12  BANK13  BANK14  BANK15  BANK16  BANK17  BANK18  BANK19  BANK20  BANK21  BANK22  BANK23  BANK24  BANK25
      Params:         0       0       0       0       0       0       0       0       0       0       0       0       0       0       0       0       0       0       0       0       0       0       0       0       0       0       0
      Locals:         0       0       0       7       0       0       0       0       0       0       0       0       0       0       0       0       0       0       0       0       0       0       0       0       0       0       0
      Temps:          0       6       0       0       0       0       0       0       0       0       0       0       0       0       0       0       0       0       0       0       0       0       0       0       0       0       0
      Totals:         0       6       0       7       0       0       0       0       0       0       0       0       0       0       0       0       0       0       0       0       0       0       0       0       0       0       0
Total ram usage:       13 bytes
 Hardware stack levels used:    1
 Hardware stack levels required when called:    5
 This function calls:
		_TransLong256To255
		_clutchaction
		_getCargoData
		_restartCargo
 This function is called by:
		_setComunicateMode
 This function uses a non-reentrant model


 *************** function _clutchaction *****************
 Defined at:
		line 68 in file "command.c"
 Parameters:    Size  Location     Type
  comannd         1    wreg     unsigned char 
 Auto vars:     Size  Location     Type
  comannd         1    0[BANK0 ] unsigned char 
 Return value:  Size  Location     Type
		None               void
 Registers used:
		wreg, status,2, status,0
 Tracked objects:
		On entry : 
		On exit  : 
		Unchanged: 
 Data sizes:     COMMON   BANK0   BANK1   BANK2   BANK3   BANK4   BANK5   BANK6   BANK7   BANK8   BANK9  BANK10  BANK11  BANK12  BANK13  BANK14  BANK15  BANK16  BANK17  BANK18  BANK19  BANK20  BANK21  BANK22  BANK23  BANK24  BANK25
      Params:         0       0       0       0       0       0       0       0       0       0       0       0       0       0       0       0       0       0       0       0       0       0       0       0       0       0       0
      Locals:         0       1       0       0       0       0       0       0       0       0       0       0       0       0       0       0       0       0       0       0       0       0       0       0       0       0       0
      Temps:          0       0       0       0       0       0       0       0       0       0       0       0       0       0       0       0       0       0       0       0       0       0       0       0       0       0       0
      Totals:         0       1       0       0       0       0       0       0       0       0       0       0       0       0       0       0       0       0       0       0       0       0       0       0       0       0       0
Total ram usage:        1 bytes
 Hardware stack levels used:    1
 Hardware stack levels required when called:    3
 This function calls:
		Nothing
 This function is called by:
		_readCargo
 This function uses a non-reentrant model


 *************** function _Calibrate_download *****************
 Defined at:
		line 65 in file "calibrate_mode.c"
 Parameters:    Size  Location     Type
  spi_Read_dat    1    wreg     unsigned char 
 Auto vars:     Size  Location     Type
  spi_Read_dat    1    6[BANK2 ] unsigned char 
  buflong         4    0[BANK2 ] unsigned long 
  bufint          2    4[BANK2 ] unsigned int 
 Return value:  Size  Location     Type
                  1    wreg      void 
 Registers used:
		wreg, fsr0l, fsr0h, fsr1l, fsr1h, status,2, status,0, pclath, cstack
 Tracked objects:
		On entry : 
		On exit  : 
		Unchanged: 
 Data sizes:     COMMON   BANK0   BANK1   BANK2   BANK3   BANK4   BANK5   BANK6   BANK7   BANK8   BANK9  BANK10  BANK11  BANK12  BANK13  BANK14  BANK15  BANK16  BANK17  BANK18  BANK19  BANK20  BANK21  BANK22  BANK23  BANK24  BANK25
      Params:         0       0       0       0       0       0       0       0       0       0       0       0       0       0       0       0       0       0       0       0       0       0       0       0       0       0       0
      Locals:         0       0       0       7       0       0       0       0       0       0       0       0       0       0       0       0       0       0       0       0       0       0       0       0       0       0       0
      Temps:          0       6       0       0       0       0       0       0       0       0       0       0       0       0       0       0       0       0       0       0       0       0       0       0       0       0       0
      Totals:         0       6       0       7       0       0       0       0       0       0       0       0       0       0       0       0       0       0       0       0       0       0       0       0       0       0       0
Total ram usage:       13 bytes
 Hardware stack levels used:    1
 Hardware stack levels required when called:    5
 This function calls:
		_InitCalibrate
		_TransLong256To255
		_isEndpoint
 This function is called by:
		_setComunicateMode
 This function uses a non-reentrant model


 *************** function _isEndpoint *****************
 Defined at:
		line 31 in file "calibrate_mode.c"
 Parameters:    Size  Location     Type
		None
 Auto vars:     Size  Location     Type
  spi2data        1    6[BANK0 ] unsigned char 
 Return value:  Size  Location     Type
		None               void
 Registers used:
		wreg, fsr1l, fsr1h, status,2, status,0, pclath, cstack
 Tracked objects:
		On entry : 
		On exit  : 
		Unchanged: 
 Data sizes:     COMMON   BANK0   BANK1   BANK2   BANK3   BANK4   BANK5   BANK6   BANK7   BANK8   BANK9  BANK10  BANK11  BANK12  BANK13  BANK14  BANK15  BANK16  BANK17  BANK18  BANK19  BANK20  BANK21  BANK22  BANK23  BANK24  BANK25
      Params:         0       0       0       0       0       0       0       0       0       0       0       0       0       0       0       0       0       0       0       0       0       0       0       0       0       0       0
      Locals:         0       1       0       0       0       0       0       0       0       0       0       0       0       0       0       0       0       0       0       0       0       0       0       0       0       0       0
      Temps:          0       5       0       0       0       0       0       0       0       0       0       0       0       0       0       0       0       0       0       0       0       0       0       0       0       0       0
      Totals:         0       6       0       0       0       0       0       0       0       0       0       0       0       0       0       0       0       0       0       0       0       0       0       0       0       0       0
Total ram usage:        6 bytes
 Hardware stack levels used:    1
 Hardware stack levels required when called:    4
 This function calls:
		_setSPI1sendDataManual
 This function is called by:
		_Calibrate_download
 This function uses a non-reentrant model


 *************** function _setSPI1sendDataManual *****************
 Defined at:
		line 105 in file "spiControl.c"
 Parameters:    Size  Location     Type
  data            1    wreg     unsigned char 
 Auto vars:     Size  Location     Type
  data            1    0[BANK0 ] unsigned char 
 Return value:  Size  Location     Type
                  1    wreg      void 
 Registers used:
		wreg
 Tracked objects:
		On entry : 
		On exit  : 
		Unchanged: 
 Data sizes:     COMMON   BANK0   BANK1   BANK2   BANK3   BANK4   BANK5   BANK6   BANK7   BANK8   BANK9  BANK10  BANK11  BANK12  BANK13  BANK14  BANK15  BANK16  BANK17  BANK18  BANK19  BANK20  BANK21  BANK22  BANK23  BANK24  BANK25
      Params:         0       0       0       0       0       0       0       0       0       0       0       0       0       0       0       0       0       0       0       0       0       0       0       0       0       0       0
      Locals:         0       1       0       0       0       0       0       0       0       0       0       0       0       0       0       0       0       0       0       0       0       0       0       0       0       0       0
      Temps:          0       0       0       0       0       0       0       0       0       0       0       0       0       0       0       0       0       0       0       0       0       0       0       0       0       0       0
      Totals:         0       1       0       0       0       0       0       0       0       0       0       0       0       0       0       0       0       0       0       0       0       0       0       0       0       0       0
Total ram usage:        1 bytes
 Hardware stack levels used:    1
 Hardware stack levels required when called:    3
 This function calls:
		Nothing
 This function is called by:
		_isEndpoint
 This function uses a non-reentrant model


 *************** function _TransLong256To255 *****************
 Defined at:
		line 20 in file "util.c"
 Parameters:    Size  Location     Type
  data            4   15[BANK0 ] long 
 Auto vars:     Size  Location     Type
  j               2   27[BANK0 ] int 
  pow             4   33[BANK0 ] long 
  buf             4   39[BANK0 ] long 
  mod             4   29[BANK0 ] long 
  TransData       4   23[BANK0 ] long 
  i               2   37[BANK0 ] int 
 Return value:  Size  Location     Type
[...]
      Temps:          0       1       0       0       0       0       0       0       0       0       0       0       0       0       0       0       0       0       0       0       0       0       0       0       0       0       0
      Totals:         0       1       0       0       0       0       0       0       0       0       0       0       0       0       0       0       0       0       0       0       0       0       0       0       0       0       0
Total ram usage:        1 bytes
 Hardware stack levels used:    1
 Hardware stack levels required when called:    3
 This function calls:
		Nothing
 This function is called by:
		_main
 This function uses a non-reentrant model


 *************** function _initCargo *****************
 Defined at:
		line 14 in file "struct.c"
 Parameters:    Size  Location     Type
		None
 Auto vars:     Size  Location     Type
		None
 Return value:  Size  Location     Type
                  1    wreg      void 
 Registers used:
		wreg, status,2
 Tracked objects:
		On entry : 
		On exit  : 
		Unchanged: 
 Data sizes:     COMMON   BANK0   BANK1   BANK2   BANK3   BANK4   BANK5   BANK6   BANK7   BANK8   BANK9  BANK10  BANK11  BANK12  BANK13  BANK14  BANK15  BANK16  BANK17  BANK18  BANK19  BANK20  BANK21  BANK22  BANK23  BANK24  BANK25
      Params:         0       0       0       0       0       0       0       0       0       0       0       0       0       0       0       0       0       0       0       0       0       0       0       0       0       0       0
      Locals:         0       0       0       0       0       0       0       0       0       0       0       0       0       0       0       0       0       0       0       0       0       0       0       0       0       0       0
      Temps:          0       0       0       0       0       0       0       0       0       0       0       0       0       0       0       0       0       0       0       0       0       0       0       0       0       0       0
      Totals:         0       0       0       0       0       0       0       0       0       0       0       0       0       0       0       0       0       0       0       0       0       0       0       0       0       0       0
Total ram usage:        0 bytes
 Hardware stack levels used:    1
 Hardware stack levels required when called:    3
 This function calls:
		Nothing
 This function is called by:
		_main
 This function uses a non-reentrant model


 *************** function _init *****************
 Defined at:
		line 101 in file "main.c"
 Parameters:    Size  Location     Type
		None
 Auto vars:     Size  Location     Type
		None
 Return value:  Size  Location     Type
                  1    wreg      void 
 Registers used:
		wreg, fsr1l, fsr1h, status,2, status,0, pclath, cstack
 Tracked objects:
		On entry : 
		On exit  : 
		Unchanged: 
 Data sizes:     COMMON   BANK0   BANK1   BANK2   BANK3   BANK4   BANK5   BANK6   BANK7   BANK8   BANK9  BANK10  BANK11  BANK12  BANK13  BANK14  BANK15  BANK16  BANK17  BANK18  BANK19  BANK20  BANK21  BANK22  BANK23  BANK24  BANK25
      Params:         0       0       0       0       0       0       0       0       0       0       0       0       0       0       0       0       0       0       0       0       0       0       0       0       0       0       0
      Locals:         0       0       0       0       0       0       0       0       0       0       0       0       0       0       0       0       0       0       0       0       0       0       0       0       0       0       0
      Temps:          0       0       0       0       0       0       0       0       0       0       0       0       0       0       0       0       0       0       0       0       0       0       0       0       0       0       0
      Totals:         0       0       0       0       0       0       0       0       0       0       0       0       0       0       0       0       0       0       0       0       0       0       0       0       0       0       0
Total ram usage:        0 bytes
 Hardware stack levels used:    1
 Hardware stack levels required when called:    4
 This function calls:
		_clear
		_initbuffer
 This function is called by:
		_main
 This function uses a non-reentrant model


 *************** function _initbuffer *****************
 Defined at:
		line 95 in file "main.c"
 Parameters:    Size  Location     Type
		None
 Auto vars:     Size  Location     Type
  i               2    2[BANK0 ] int 
 Return value:  Size  Location     Type
                  1    wreg      void 
 Registers used:
		wreg, fsr1l, fsr1h, status,2, status,0
 Tracked objects:
		On entry : 
		On exit  : 
		Unchanged: 
 Data sizes:     COMMON   BANK0   BANK1   BANK2   BANK3   BANK4   BANK5   BANK6   BANK7   BANK8   BANK9  BANK10  BANK11  BANK12  BANK13  BANK14  BANK15  BANK16  BANK17  BANK18  BANK19  BANK20  BANK21  BANK22  BANK23  BANK24  BANK25
      Params:         0       0       0       0       0       0       0       0       0       0       0       0       0       0       0       0       0       0       0       0       0       0       0       0       0       0       0
      Locals:         0       2       0       0       0       0       0       0       0       0       0       0       0       0       0       0       0       0       0       0       0       0       0       0       0       0       0
      Temps:          0       2       0       0       0       0       0       0       0       0       0       0       0       0       0       0       0       0       0       0       0       0       0       0       0       0       0
      Totals:         0       4       0       0       0       0       0       0       0       0       0       0       0       0       0       0       0       0       0       0       0       0       0       0       0       0       0
Total ram usage:        4 bytes
 Hardware stack levels used:    1
 Hardware stack levels required when called:    3
 This function calls:
		Nothing
 This function is called by:
		_init
 This function uses a non-reentrant model


 *************** function _clear *****************
 Defined at:
		line 9 in file "util.c"
 Parameters:    Size  Location     Type
		None
 Auto vars:     Size  Location     Type
		None
 Return value:  Size  Location     Type
                  1    wreg      void 
 Registers used:
		status,2
 Tracked objects:
		On entry : 
		On exit  : 
		Unchanged: 
 Data sizes:     COMMON   BANK0   BANK1   BANK2   BANK3   BANK4   BANK5   BANK6   BANK7   BANK8   BANK9  BANK10  BANK11  BANK12  BANK13  BANK14  BANK15  BANK16  BANK17  BANK18  BANK19  BANK20  BANK21  BANK22  BANK23  BANK24  BANK25
      Params:         0       0       0       0       0       0       0       0       0       0       0       0       0       0       0       0       0       0       0       0       0       0       0       0       0       0       0
      Locals:         0       0       0       0       0       0       0       0       0       0       0       0       0       0       0       0       0       0       0       0       0       0       0       0       0       0       0
      Temps:          0       0       0       0       0       0       0       0       0       0       0       0       0       0       0       0       0       0       0       0       0       0       0       0       0       0       0
      Totals:         0       0       0       0       0       0       0       0       0       0       0       0       0       0       0       0       0       0       0       0       0       0       0       0       0       0       0
Total ram usage:        0 bytes
 Hardware stack levels used:    1
 Hardware stack levels required when called:    3
 This function calls:
		Nothing
 This function is called by:
		_init
 This function uses a non-reentrant model


 *************** function _InterMSSP *****************
 Defined at:
		line 68 in file "main.c"
 Parameters:    Size  Location     Type
		None
 Auto vars:     Size  Location     Type
		None
 Return value:  Size  Location     Type
                  1    wreg      void 
 Registers used:
		wreg, fsr1l, fsr1h, status,2, status,0, pclath, cstack
 Tracked objects:
		On entry : 
		On exit  : 
		Unchanged: 
 Data sizes:     COMMON   BANK0   BANK1   BANK2   BANK3   BANK4   BANK5   BANK6   BANK7   BANK8   BANK9  BANK10  BANK11  BANK12  BANK13  BANK14  BANK15  BANK16  BANK17  BANK18  BANK19  BANK20  BANK21  BANK22  BANK23  BANK24  BANK25
      Params:         0       0       0       0       0       0       0       0       0       0       0       0       0       0       0       0       0       0       0       0       0       0       0       0       0       0       0
      Locals:         0       0       0       0       0       0       0       0       0       0       0       0       0       0       0       0       0       0       0       0       0       0       0       0       0       0       0
      Temps:          6       0       0       0       0       0       0       0       0       0       0       0       0       0       0       0       0       0       0       0       0       0       0       0       0       0       0
      Totals:         6       0       0       0       0       0       0       0       0       0       0       0       0       0       0       0       0       0       0       0       0       0       0       0       0       0       0
Total ram usage:        6 bytes
 Hardware stack levels used:    1
 Hardware stack levels required when called:    2
 This function calls:
		_addAngle
		_setSPI1sendData
 This function is called by:
		Interrupt level 1
 This function uses a non-reentrant model


 *************** function _setSPI1sendData *****************
 Defined at:
		line 92 in file "spiControl.c"
 Parameters:    Size  Location     Type
		None
 Auto vars:     Size  Location     Type
		None
 Return value:  Size  Location     Type
                  1    wreg      void 
 Registers used:
		wreg, fsr1l, fsr1h, status,2, status,0, pclath, cstack
 Tracked objects:
		On entry : 
		On exit  : 
		Unchanged: 
 Data sizes:     COMMON   BANK0   BANK1   BANK2   BANK3   BANK4   BANK5   BANK6   BANK7   BANK8   BANK9  BANK10  BANK11  BANK12  BANK13  BANK14  BANK15  BANK16  BANK17  BANK18  BANK19  BANK20  BANK21  BANK22  BANK23  BANK24  BANK25
      Params:         0       0       0       0       0       0       0       0       0       0       0       0       0       0       0       0       0       0       0       0       0       0       0       0       0       0       0
      Locals:         0       0       0       0       0       0       0       0       0       0       0       0       0       0       0       0       0       0       0       0       0       0       0       0       0       0       0
      Temps:          2       0       0       0       0       0       0       0       0       0       0       0       0       0       0       0       0       0       0       0       0       0       0       0       0       0       0
      Totals:         2       0       0       0       0       0       0       0       0       0       0       0       0       0       0       0       0       0       0       0       0       0       0       0       0       0       0
Total ram usage:        2 bytes
 Hardware stack levels used:    1
 Hardware stack levels required when called:    1
 This function calls:
		_isSPI2read
 This function is called by:
		_InterMSSP
 This function uses a non-reentrant model


 *************** function _isSPI2read *****************
 Defined at:
		line 76 in file "spiControl.c"
 Parameters:    Size  Location     Type
		None
 Auto vars:     Size  Location     Type
		None
 Return value:  Size  Location     Type
		None               void
 Registers used:
		wreg, status,2, status,0
 Tracked objects:
		On entry : 
		On exit  : 
		Unchanged: 
 Data sizes:     COMMON   BANK0   BANK1   BANK2   BANK3   BANK4   BANK5   BANK6   BANK7   BANK8   BANK9  BANK10  BANK11  BANK12  BANK13  BANK14  BANK15  BANK16  BANK17  BANK18  BANK19  BANK20  BANK21  BANK22  BANK23  BANK24  BANK25
      Params:         0       0       0       0       0       0       0       0       0       0       0       0       0       0       0       0       0       0       0       0       0       0       0       0       0       0       0
      Locals:         0       0       0       0       0       0       0       0       0       0       0       0       0       0       0       0       0       0       0       0       0       0       0       0       0       0       0
      Temps:          0       0       0       0       0       0       0       0       0       0       0       0       0       0       0       0       0       0       0       0       0       0       0       0       0       0       0
      Totals:         0       0       0       0       0       0       0       0       0       0       0       0       0       0       0       0       0       0       0       0       0       0       0       0       0       0       0
Total ram usage:        0 bytes
 Hardware stack levels used:    1
 This function calls:
		Nothing
 This function is called by:
		_setSPI1sendData
 This function uses a non-reentrant model


 *************** function _addAngle *****************
 Defined at:
		line 29 in file "IO_control.c"
 Parameters:    Size  Location     Type
		None
 Auto vars:     Size  Location     Type
		None
 Return value:  Size  Location     Type
                  1    wreg      void 
 Registers used:
		wreg, status,2, status,0, pclath, cstack
 Tracked objects:
		On entry : 
		On exit  : 
		Unchanged: 
 Data sizes:     COMMON   BANK0   BANK1   BANK2   BANK3   BANK4   BANK5   BANK6   BANK7   BANK8   BANK9  BANK10  BANK11  BANK12  BANK13  BANK14  BANK15  BANK16  BANK17  BANK18  BANK19  BANK20  BANK21  BANK22  BANK23  BANK24  BANK25
      Params:         0       0       0       0       0       0       0       0       0       0       0       0       0       0       0       0       0       0       0       0       0       0       0       0       0       0       0
      Locals:         0       0       0       0       0       0       0       0       0       0       0       0       0       0       0       0       0       0       0       0       0       0       0       0       0       0       0
      Temps:          0       0       0       0       0       0       0       0       0       0       0       0       0       0       0       0       0       0       0       0       0       0       0       0       0       0       0
      Totals:         0       0       0       0       0       0       0       0       0       0       0       0       0       0       0       0       0       0       0       0       0       0       0       0       0       0       0
Total ram usage:        0 bytes
 Hardware stack levels used:    1
 Hardware stack levels required when called:    1
 This function calls:
		_setCargoAngle
 This function is called by:
		_InterMSSP
 This function uses a non-reentrant model


 *************** function _setCargoAngle *****************
 Defined at:
		line 41 in file "struct.c"
 Parameters:    Size  Location     Type
  m_linkAngleT    2    0[COMMON] int 
 Auto vars:     Size  Location     Type
		None
 Return value:  Size  Location     Type
                  1    wreg      void 
 Registers used:
		wreg
 Tracked objects:
		On entry : 
		On exit  : 
		Unchanged: 
 Data sizes:     COMMON   BANK0   BANK1   BANK2   BANK3   BANK4   BANK5   BANK6   BANK7   BANK8   BANK9  BANK10  BANK11  BANK12  BANK13  BANK14  BANK15  BANK16  BANK17  BANK18  BANK19  BANK20  BANK21  BANK22  BANK23  BANK24  BANK25
      Params:         2       0       0       0       0       0       0       0       0       0       0       0       0       0       0       0       0       0       0       0       0       0       0       0       0       0       0
      Locals:         0       0       0       0       0       0       0       0       0       0       0       0       0       0       0       0       0       0       0       0       0       0       0       0       0       0       0
      Temps:          0       0       0       0       0       0       0       0       0       0       0       0       0       0       0       0       0       0       0       0       0       0       0       0       0       0       0
      Totals:         2       0       0       0       0       0       0       0       0       0       0       0       0       0       0       0       0       0       0       0       0       0       0       0       0       0       0
Total ram usage:        2 bytes
 Hardware stack levels used:    1
 This function calls:
		Nothing
 This function is called by:
		_addAngle
 This function uses a non-reentrant model



MODULE INFORMATION

Module		Function		Class		Link	Load	Size
IO_control.c
		_addAngle      		CODE           	0F2D	0000	13

IO_control.c estimated size: 13

comu_type.c
		_initComu_types		CODE           	04DA	0000	110
		_setComunicateMode		CODE           	068A	0000	62

comu_type.c estimated size: 172

normal_mode.c
		_readCargo     		CODE           	00A7	0000	306

normal_mode.c estimated size: 306

C:\Program Files (x86)\Microchip\xc8\v1.45\sources\common\almod.c
		___almod       		CODE           	046C	0000	111

C:\Program Files (x86)\Microchip\xc8\v1.45\sources\common\almod.c estimated size: 111

C:\Program Files (x86)\Microchip\xc8\v1.45\sources\common\Umul32.c
		___lmul        		CODE           	06FB	0000	49

C:\Program Files (x86)\Microchip\xc8\v1.45\sources\common\Umul32.c estimated size: 49

shared
		_VENDER_ID     		STRCODE        	0000	0000	0
		_MACHINE_ID    		STRCODE        	0000	0000	0
		__initialization		CODE           	0062	0000	66

shared estimated size: 66

spiControl.c
		_isSPI2read    		CODE           	0F5F	0000	17
		_setSPI2sendData		CODE           	0759	0000	44
		_setSPI1sendDataManual		CODE           	0EFF	0000	7
		_spi_init      		CODE           	0F18	0000	11
		_spi1_init     		CODE           	0F96	0000	33
		_spi2_init     		CODE           	0FB6	0000	35
		_setSPI1sendData		CODE           	07D9	0000	36
		_isSPI1read    		CODE           	0F52	0000	14

spiControl.c estimated size: 197

struct.c
		_setCargoAngle 		CODE           	0EF9	0000	7
		_restartCargo  		CODE           	0EF4	0000	6
		_initCargo     		CODE           	0F7F	0000	24
		_getCargoData  		CODE           	0F6F	0000	17

struct.c estimated size: 54

util.c
		_TransLong256To255		CODE           	0304	0000	231
		_clear         		CODE           	0F45	0000	14

util.c estimated size: 245

command.c
		_clutchaction  		CODE           	0F22	0000	12
		_initComand    		CODE           	0547	0000	110

command.c estimated size: 122

C:\Program Files (x86)\Microchip\xc8\v1.45\sources\common\aldiv.c
		___aldiv       		CODE           	03EA	0000	131

C:\Program Files (x86)\Microchip\xc8\v1.45\sources\common\aldiv.c estimated size: 131

calibrate_mode.c
		_InitCalibrate 		CODE           	0784	0000	44
		_isEndpoint    		CODE           	06C7	0000	53
		_Calibrate_download		CODE           	01D8	0000	301

calibrate_mode.c estimated size: 398

main.c
		_init          		CODE           	0FD8	0000	41
		_InterMSSP     		CODE           	0004	0000	93
		_main          		CODE           	072B	0000	47
		_initbuffer    		CODE           	07AF	0000	43
		_initTrain     		CODE           	0602	0000	70
		_io_init       		CODE           	0F05	0000	10
		_isTrainSt     		CODE           	05B4	0000	79
		_resetTrainData		CODE           	0F0E	0000	11
		_read_train    		CODE           	0647	0000	68

main.c estimated size: 462

